[    1816ms] [WARNING] [PostHog.js] You have already initialized PostHog! Re-initializing is a no-op @ https://eu-assets.i.posthog.com/static/posthog-recorder.js?v=1.279.2:0
[    2222ms] [ERROR] Failed to load resource: net::ERR_NAME_NOT_RESOLVED @ https://yp8ye3ruae.us-east-1.awsapprunner.com/events/03dd43d7f56cfd4b38df1500d6e4e78cf02f66e3bdc1ae4bec10584ec4a99268:0
[    2399ms] [ERROR] Failed to load resource: net::ERR_NAME_NOT_RESOLVED @ https://yp8ye3ruae.us-east-1.awsapprunner.com/events/03dd43d7f56cfd4b38df1500d6e4e78cf02f66e3bdc1ae4bec10584ec4a99268:0
[   23642ms] [WARNING] [PostHog.js] You have already initialized PostHog! Re-initializing is a no-op @ https://eu-assets.i.posthog.com/static/posthog-recorder.js?v=1.279.2:0
[   45936ms] [WARNING] Specifying 'overflow: visible' on img, video and canvas tags may cause them to produce visual content outside of the element bounds. See https://github.com/WICG/view-transitions/blob/main/debugging_overflow_on_images.md for details. @ https://www.propsmadness.com/_next/static/chunks/app/(with-layout)/%5B%5B...league%5D%5D/page-f771d7f74fc685e0.js:0
[   46207ms] [ERROR] Failed to load resource: the server responded with a status of 403 () @ https://api.propsmadness.com/api/players/443/match/6178/bet-offers:0
[   46212ms] [ERROR] Failed to load resource: the server responded with a status of 403 () @ https://api.propsmadness.com/api/team-rankings/season/current/by-match/last15matches/player/443:0
[   46213ms] [ERROR] Failed to load resource: the server responded with a status of 403 () @ https://api.propsmadness.com/api/players/443/season/current/closing-lines/player-points:0
[   46217ms] [ERROR] Failed to load resource: the server responded with a status of 403 () @ https://api.propsmadness.com/api/players/443/match-statistics?seasonReference=current:0
[   46218ms] [ERROR] Failed to load resource: the server responded with a status of 403 () @ https://api.propsmadness.com/api/players/443/season/prior/closing-lines/player-points:0
[   46224ms] [ERROR] Failed to load resource: the server responded with a status of 403 () @ https://api.propsmadness.com/api/players/443/points/shooting-zone?seasonReference=current:0
[   46229ms] [ERROR] Failed to load resource: the server responded with a status of 403 () @ https://api.propsmadness.com/api/players/443/season/previous/closing-lines/player-points:0
[   46230ms] [ERROR] Failed to load resource: the server responded with a status of 403 () @ https://api.propsmadness.com/api/players/443/points/playtype?seasonReference=current:0
[   51537ms] [ERROR] Failed to load resource: the server responded with a status of 403 () @ https://api.propsmadness.com/api/players/443/match-statistics?seasonReference=current:0
[   51537ms] [ERROR] Failed to load resource: the server responded with a status of 403 () @ https://api.propsmadness.com/api/players/443/match/6178/bet-offers:0
[   51538ms] [ERROR] Failed to load resource: the server responded with a status of 403 () @ https://api.propsmadness.com/api/team-rankings/season/current/by-match/last15matches/player/443:0
[   51539ms] [ERROR] Failed to load resource: the server responded with a status of 403 () @ https://api.propsmadness.com/api/players/443/season/current/closing-lines/player-points:0
[   51578ms] [ERROR] Failed to load resource: the server responded with a status of 403 () @ https://api.propsmadness.com/api/players/443/season/previous/closing-lines/player-points:0
[   56411ms] [ERROR] Failed to load resource: the server responded with a status of 403 () @ https://api.propsmadness.com/api/players/443/season/prior/closing-lines/player-points:0
[   61763ms] [ERROR] Failed to load resource: the server responded with a status of 403 () @ https://api.propsmadness.com/api/players/443/season/current/closing-lines/player-points:0
[   61764ms] [ERROR] Failed to load resource: the server responded with a status of 403 () @ https://api.propsmadness.com/api/players/443/match/6178/bet-offers:0
[   61766ms] [ERROR] Failed to load resource: the server responded with a status of 403 () @ https://api.propsmadness.com/api/team-rankings/season/current/by-match/last15matches/player/443:0
[   61767ms] [ERROR] Failed to load resource: the server responded with a status of 403 () @ https://api.propsmadness.com/api/players/443/season/previous/closing-lines/player-points:0
[   64674ms] [ERROR] Failed to load resource: the server responded with a status of 403 () @ https://api.propsmadness.com/api/players/443/season/current/closing-lines/player-points:0
[   64675ms] [ERROR] Failed to load resource: the server responded with a status of 403 () @ https://api.propsmadness.com/api/players/443/match/6178/bet-offers:0
[   64676ms] [ERROR] Failed to load resource: the server responded with a status of 403 () @ https://api.propsmadness.com/api/players/443/season/previous/closing-lines/player-points:0
[   64677ms] [ERROR] Failed to load resource: the server responded with a status of 403 () @ https://api.propsmadness.com/api/team-rankings/season/current/by-match/last15matches/player/443:0
[   64677ms] [ERROR] Failed to load resource: the server responded with a status of 403 () @ https://api.propsmadness.com/api/players/443/season/prior/closing-lines/player-points:0
[   64678ms] [ERROR] Failed to load resource: the server responded with a status of 403 () @ https://api.propsmadness.com/api/players/443/match-statistics?seasonReference=current:0
[   69886ms] [ERROR] Failed to load resource: the server responded with a status of 403 () @ https://api.propsmadness.com/api/players/443/season/prior/closing-lines/player-points:0
[   71686ms] [ERROR] Failed to load resource: the server responded with a status of 403 () @ https://api.propsmadness.com/api/players/443/match-statistics?seasonReference=current:0
[   74815ms] [ERROR] Failed to load resource: the server responded with a status of 403 () @ https://api.propsmadness.com/api/players/443/season/current/closing-lines/player-points:0
[   74815ms] [ERROR] Failed to load resource: the server responded with a status of 403 () @ https://api.propsmadness.com/api/team-rankings/season/current/by-match/last15matches/player/443:0
[   74828ms] [ERROR] Failed to load resource: the server responded with a status of 403 () @ https://api.propsmadness.com/api/players/443/match-statistics?seasonReference=current:0
[   74829ms] [ERROR] Failed to load resource: the server responded with a status of 403 () @ https://api.propsmadness.com/api/players/443/season/previous/closing-lines/player-points:0
[   74830ms] [ERROR] Failed to load resource: the server responded with a status of 403 () @ https://api.propsmadness.com/api/players/443/match/6178/bet-offers:0
[   76568ms] [ERROR] Failed to load resource: the server responded with a status of 403 () @ https://api.propsmadness.com/api/players/443/season/prior/closing-lines/player-points:0
