✅ Core API keys loaded (ODDS_API_KEY, TANK01_KEY)
✅ The-Odds-API tier: PAID (limit: 20,000 requests/month)
✅ Tank01 tier: PAID (limit: 1,000 requests/day)
⚠️  Optional keys not set: APISPORTS_KEY, BALLDONTLIE_KEY

========================================
LUDI INFORMATIO: MODULE H (HISTORIAN) ONLINE
========================================
   📂 Loaded Database: 1 rows.
   🗓️ Last recorded game: 2025-10-20
   🔄 Fetching missing games for 105 days...
      > Checking Date: 20251021...       📊 TANK01: 599 credits remaining
      📊 TANK01: 598 credits remaining
Found 40 stat lines.
      > Checking Date: 20251022...       📊 TANK01: 596 credits remaining
      📊 TANK01: 595 credits remaining
      📊 TANK01: 594 credits remaining
      📊 TANK01: 593 credits remaining
      📊 TANK01: 592 credits remaining
      📊 TANK01: 591 credits remaining
      📊 TANK01: 590 credits remaining
      📊 TANK01: 589 credits remaining
      📊 TANK01: 588 credits remaining
      📊 TANK01: 587 credits remaining
      📊 TANK01: 586 credits remaining
      📊 TANK01: 585 credits remaining
Found 270 stat lines.
      > Checking Date: 20251023...       📊 TANK01: 583 credits remaining
      📊 TANK01: 582 credits remaining
Found 43 stat lines.
      > Checking Date: 20251024...       📊 TANK01: 580 credits remaining
      📊 TANK01: 579 credits remaining
      📊 TANK01: 578 credits remaining
      📊 TANK01: 577 credits remaining
      📊 TANK01: 576 credits remaining
      📊 TANK01: 575 credits remaining
      📊 TANK01: 574 credits remaining
      📊 TANK01: 573 credits remaining
      📊 TANK01: 572 credits remaining
      📊 TANK01: 571 credits remaining
      📊 TANK01: 570 credits remaining
      📊 TANK01: 569 credits remaining
Found 271 stat lines.
      > Checking Date: 20251025...       📊 TANK01: 567 credits remaining
      📊 TANK01: 566 credits remaining
      📊 TANK01: 565 credits remaining
      📊 TANK01: 564 credits remaining
      📊 TANK01: 563 credits remaining
Found 119 stat lines.
      > Checking Date: 20251026...       📊 TANK01: 561 credits remaining
      📊 TANK01: 560 credits remaining
      📊 TANK01: 559 credits remaining
      📊 TANK01: 558 credits remaining
      📊 TANK01: 557 credits remaining
      📊 TANK01: 556 credits remaining
      📊 TANK01: 555 credits remaining
      📊 TANK01: 554 credits remaining
      📊 TANK01: 553 credits remaining
Found 197 stat lines.
      > Checking Date: 20251027...       📊 TANK01: 551 credits remaining
      📊 TANK01: 550 credits remaining
      📊 TANK01: 549 credits remaining
      📊 TANK01: 548 credits remaining
      📊 TANK01: 547 credits remaining
      📊 TANK01: 546 credits remaining
      📊 TANK01: 545 credits remaining
      📊 TANK01: 544 credits remaining
      📊 TANK01: 543 credits remaining
      📊 TANK01: 542 credits remaining
      📊 TANK01: 541 credits remaining
Found 257 stat lines.
      > Checking Date: 20251028...       📊 TANK01: 539 credits remaining
      📊 TANK01: 538 credits remaining
      📊 TANK01: 537 credits remaining
      📊 TANK01: 536 credits remaining
      📊 TANK01: 535 credits remaining
Found 112 stat lines.
      > Checking Date: 20251029...       📊 TANK01: 533 credits remaining
      📊 TANK01: 532 credits remaining
      📊 TANK01: 531 credits remaining
      📊 TANK01: 530 credits remaining
      📊 TANK01: 529 credits remaining
      📊 TANK01: 528 credits remaining
      📊 TANK01: 527 credits remaining
      📊 TANK01: 526 credits remaining
      📊 TANK01: 525 credits remaining
      📊 TANK01: 524 credits remaining
Found 220 stat lines.
      > Checking Date: 20251030...       📊 TANK01: 522 credits remaining
      📊 TANK01: 521 credits remaining
      📊 TANK01: 520 credits remaining
      📊 TANK01: 519 credits remaining
Found 90 stat lines.
      > Checking Date: 20251031...       📊 TANK01: 517 credits remaining
      📊 TANK01: 516 credits remaining
      📊 TANK01: 515 credits remaining
      📊 TANK01: 514 credits remaining
      📊 TANK01: 513 credits remaining
      📊 TANK01: 512 credits remaining
      📊 TANK01: 511 credits remaining
      📊 TANK01: 510 credits remaining
Found 172 stat lines.
      > Checking Date: 20251101...       📊 TANK01: 508 credits remaining
      📊 TANK01: 507 credits remaining
      📊 TANK01: 506 credits remaining
      📊 TANK01: 505 credits remaining
      📊 TANK01: 504 credits remaining
      📊 TANK01: 503 credits remaining
Found 142 stat lines.
      > Checking Date: 20251102...       📊 TANK01: 501 credits remaining
      📊 TANK01: 500 credits remaining
      📊 TANK01: 499 credits remaining
      📊 TANK01: 498 credits remaining
      📊 TANK01: 497 credits remaining
      📊 TANK01: 496 credits remaining
      📊 TANK01: 495 credits remaining
      📊 TANK01: 494 credits remaining
Found 182 stat lines.
      > Checking Date: 20251103...       📊 TANK01: 492 credits remaining
      📊 TANK01: 491 credits remaining
      📊 TANK01: 490 credits remaining
      📊 TANK01: 489 credits remaining
      📊 TANK01: 488 credits remaining
      📊 TANK01: 487 credits remaining
      📊 TANK01: 486 credits remaining
      📊 TANK01: 485 credits remaining
      📊 TANK01: 484 credits remaining
Found 198 stat lines.
      > Checking Date: 20251104...       📊 TANK01: 482 credits remaining
      📊 TANK01: 481 credits remaining
      📊 TANK01: 480 credits remaining
      📊 TANK01: 479 credits remaining
      📊 TANK01: 478 credits remaining
      📊 TANK01: 477 credits remaining
Found 139 stat lines.
      > Checking Date: 20251105...       📊 TANK01: 475 credits remaining
      📊 TANK01: 474 credits remaining
      📊 TANK01: 473 credits remaining
      📊 TANK01: 472 credits remaining
      📊 TANK01: 471 credits remaining
      📊 TANK01: 470 credits remaining
      📊 TANK01: 469 credits remaining
      📊 TANK01: 468 credits remaining
      📊 TANK01: 467 credits remaining
      📊 TANK01: 466 credits remaining
      📊 TANK01: 465 credits remaining
Found 246 stat lines.
      > Checking Date: 20251106...       📊 TANK01: 463 credits remaining
Found 26 stat lines.
      > Checking Date: 20251107...       📊 TANK01: 461 credits remaining
      📊 TANK01: 460 credits remaining
      📊 TANK01: 459 credits remaining
      📊 TANK01: 458 credits remaining
      📊 TANK01: 457 credits remaining
      📊 TANK01: 456 credits remaining
      📊 TANK01: 455 credits remaining
      📊 TANK01: 454 credits remaining
      📊 TANK01: 453 credits remaining
      📊 TANK01: 452 credits remaining
      📊 TANK01: 451 credits remaining
Found 253 stat lines.
      > Checking Date: 20251108...       📊 TANK01: 449 credits remaining
      📊 TANK01: 448 credits remaining
      📊 TANK01: 447 credits remaining
      📊 TANK01: 446 credits remaining
      📊 TANK01: 445 credits remaining
      📊 TANK01: 444 credits remaining
      📊 TANK01: 443 credits remaining
      📊 TANK01: 442 credits remaining
Found 167 stat lines.
      > Checking Date: 20251109...       📊 TANK01: 440 credits remaining
      📊 TANK01: 439 credits remaining
      📊 TANK01: 438 credits remaining
      📊 TANK01: 437 credits remaining
      📊 TANK01: 436 credits remaining
      📊 TANK01: 435 credits remaining
      📊 TANK01: 434 credits remaining
Found 157 stat lines.
      > Checking Date: 20251110...       📊 TANK01: 432 credits remaining
      📊 TANK01: 431 credits remaining
      📊 TANK01: 430 credits remaining
      📊 TANK01: 429 credits remaining
      📊 TANK01: 428 credits remaining
      📊 TANK01: 427 credits remaining
      📊 TANK01: 426 credits remaining
      📊 TANK01: 425 credits remaining
      📊 TANK01: 424 credits remaining
Found 185 stat lines.
      > Checking Date: 20251111...       📊 TANK01: 422 credits remaining
      📊 TANK01: 421 credits remaining
      📊 TANK01: 420 credits remaining
      📊 TANK01: 419 credits remaining
      📊 TANK01: 418 credits remaining
      📊 TANK01: 417 credits remaining
Found 129 stat lines.
      > Checking Date: 20251112...       📊 TANK01: 415 credits remaining
      📊 TANK01: 414 credits remaining
      📊 TANK01: 413 credits remaining
      📊 TANK01: 412 credits remaining
      📊 TANK01: 411 credits remaining
      📊 TANK01: 410 credits remaining
      📊 TANK01: 409 credits remaining
      📊 TANK01: 408 credits remaining
      📊 TANK01: 407 credits remaining
      📊 TANK01: 406 credits remaining
      📊 TANK01: 405 credits remaining
      📊 TANK01: 404 credits remaining
Found 282 stat lines.
      > Checking Date: 20251113...       📊 TANK01: 402 credits remaining
      📊 TANK01: 401 credits remaining
      📊 TANK01: 400 credits remaining
Found 69 stat lines.
      > Checking Date: 20251114...       📊 TANK01: 398 credits remaining
      📊 TANK01: 397 credits remaining
      📊 TANK01: 396 credits remaining
      📊 TANK01: 395 credits remaining
      📊 TANK01: 394 credits remaining
      📊 TANK01: 393 credits remaining
      📊 TANK01: 392 credits remaining
      📊 TANK01: 391 credits remaining
      📊 TANK01: 390 credits remaining
Found 190 stat lines.
      > Checking Date: 20251115...       📊 TANK01: 388 credits remaining
      📊 TANK01: 387 credits remaining
      📊 TANK01: 386 credits remaining
      📊 TANK01: 385 credits remaining
      📊 TANK01: 384 credits remaining
Found 110 stat lines.
      > Checking Date: 20251116...       📊 TANK01: 382 credits remaining
      📊 TANK01: 381 credits remaining
      📊 TANK01: 380 credits remaining
      📊 TANK01: 379 credits remaining
      📊 TANK01: 378 credits remaining
      📊 TANK01: 377 credits remaining
      📊 TANK01: 376 credits remaining
      📊 TANK01: 375 credits remaining
Found 168 stat lines.
      > Checking Date: 20251117...       📊 TANK01: 373 credits remaining
      📊 TANK01: 372 credits remaining
      📊 TANK01: 371 credits remaining
      📊 TANK01: 370 credits remaining
      📊 TANK01: 369 credits remaining
      📊 TANK01: 368 credits remaining
      📊 TANK01: 367 credits remaining
      📊 TANK01: 366 credits remaining
Found 171 stat lines.
      > Checking Date: 20251118...       📊 TANK01: 364 credits remaining
      📊 TANK01: 363 credits remaining
      📊 TANK01: 362 credits remaining
      📊 TANK01: 361 credits remaining
      📊 TANK01: 360 credits remaining
      📊 TANK01: 359 credits remaining
Found 132 stat lines.
      > Checking Date: 20251119...       📊 TANK01: 357 credits remaining
      📊 TANK01: 356 credits remaining
      📊 TANK01: 355 credits remaining
      📊 TANK01: 354 credits remaining
      📊 TANK01: 353 credits remaining
      📊 TANK01: 352 credits remaining
      📊 TANK01: 351 credits remaining
      📊 TANK01: 350 credits remaining
      📊 TANK01: 349 credits remaining
Found 180 stat lines.
      > Checking Date: 20251120...       📊 TANK01: 347 credits remaining
      📊 TANK01: 346 credits remaining
      📊 TANK01: 345 credits remaining
      📊 TANK01: 344 credits remaining
Found 87 stat lines.
      > Checking Date: 20251121...       📊 TANK01: 342 credits remaining
      📊 TANK01: 341 credits remaining
      📊 TANK01: 340 credits remaining
      📊 TANK01: 339 credits remaining
      📊 TANK01: 338 credits remaining
      📊 TANK01: 337 credits remaining
      📊 TANK01: 336 credits remaining
      📊 TANK01: 335 credits remaining
      📊 TANK01: 334 credits remaining
Found 199 stat lines.
      > Checking Date: 20251122...       📊 TANK01: 332 credits remaining
      📊 TANK01: 331 credits remaining
      📊 TANK01: 330 credits remaining
      📊 TANK01: 329 credits remaining
      📊 TANK01: 328 credits remaining
      📊 TANK01: 327 credits remaining
      📊 TANK01: 326 credits remaining
Found 158 stat lines.
      > Checking Date: 20251123...       📊 TANK01: 324 credits remaining
      📊 TANK01: 323 credits remaining
      📊 TANK01: 322 credits remaining
      📊 TANK01: 321 credits remaining
      📊 TANK01: 320 credits remaining
      📊 TANK01: 319 credits remaining
      📊 TANK01: 318 credits remaining
      📊 TANK01: 317 credits remaining
Found 171 stat lines.
      > Checking Date: 20251124...       📊 TANK01: 315 credits remaining
      📊 TANK01: 314 credits remaining
      📊 TANK01: 313 credits remaining
      📊 TANK01: 312 credits remaining
      📊 TANK01: 311 credits remaining
      📊 TANK01: 310 credits remaining
      📊 TANK01: 309 credits remaining
      📊 TANK01: 308 credits remaining
      📊 TANK01: 307 credits remaining
      📊 TANK01: 306 credits remaining
Found 217 stat lines.
      > Checking Date: 20251125...       📊 TANK01: 304 credits remaining
      📊 TANK01: 303 credits remaining
      📊 TANK01: 302 credits remaining
Found 74 stat lines.
      > Checking Date: 20251126...       📊 TANK01: 300 credits remaining
      📊 TANK01: 299 credits remaining
      📊 TANK01: 298 credits remaining
      📊 TANK01: 297 credits remaining
      📊 TANK01: 296 credits remaining
      📊 TANK01: 295 credits remaining
      📊 TANK01: 294 credits remaining
      📊 TANK01: 293 credits remaining
      📊 TANK01: 292 credits remaining
Found 187 stat lines.
      > Checking Date: 20251127... No games.
      > Checking Date: 20251128...       📊 TANK01: 289 credits remaining
      📊 TANK01: 288 credits remaining
      📊 TANK01: 287 credits remaining
      📊 TANK01: 286 credits remaining
      📊 TANK01: 285 credits remaining
      📊 TANK01: 284 credits remaining
      📊 TANK01: 283 credits remaining
      📊 TANK01: 282 credits remaining
      📊 TANK01: 281 credits remaining
      📊 TANK01: 280 credits remaining
      📊 TANK01: 279 credits remaining
Found 225 stat lines.
      > Checking Date: 20251129...       📊 TANK01: 277 credits remaining
      📊 TANK01: 276 credits remaining
      📊 TANK01: 275 credits remaining
      📊 TANK01: 274 credits remaining
      📊 TANK01: 273 credits remaining
      📊 TANK01: 272 credits remaining
      📊 TANK01: 271 credits remaining
      📊 TANK01: 270 credits remaining
Found 168 stat lines.
      > Checking Date: 20251130...       📊 TANK01: 268 credits remaining
      📊 TANK01: 267 credits remaining
      📊 TANK01: 266 credits remaining
      📊 TANK01: 265 credits remaining
      📊 TANK01: 264 credits remaining
      📊 TANK01: 263 credits remaining
      📊 TANK01: 262 credits remaining
      📊 TANK01: 261 credits remaining
Found 172 stat lines.
      > Checking Date: 20251201...       📊 TANK01: 259 credits remaining
      📊 TANK01: 258 credits remaining
      📊 TANK01: 257 credits remaining
      📊 TANK01: 256 credits remaining
      📊 TANK01: 255 credits remaining
      📊 TANK01: 254 credits remaining
      📊 TANK01: 253 credits remaining
      📊 TANK01: 252 credits remaining
      📊 TANK01: 251 credits remaining
Found 192 stat lines.
      > Checking Date: 20251202...       📊 TANK01: 249 credits remaining
      📊 TANK01: 248 credits remaining
      📊 TANK01: 247 credits remaining
      📊 TANK01: 246 credits remaining
      📊 TANK01: 245 credits remaining
      📊 TANK01: 244 credits remaining
Found 127 stat lines.
      > Checking Date: 20251203...       📊 TANK01: 242 credits remaining
      📊 TANK01: 241 credits remaining
      📊 TANK01: 240 credits remaining
      📊 TANK01: 239 credits remaining
      📊 TANK01: 238 credits remaining
      📊 TANK01: 237 credits remaining
      📊 TANK01: 236 credits remaining
      📊 TANK01: 235 credits remaining
      📊 TANK01: 234 credits remaining
Found 196 stat lines.
      > Checking Date: 20251204...       📊 TANK01: 232 credits remaining
      📊 TANK01: 231 credits remaining
      📊 TANK01: 230 credits remaining
      📊 TANK01: 229 credits remaining
      📊 TANK01: 228 credits remaining
Found 110 stat lines.
      > Checking Date: 20251205...       📊 TANK01: 226 credits remaining
      📊 TANK01: 225 credits remaining
      📊 TANK01: 224 credits remaining
      📊 TANK01: 223 credits remaining
      📊 TANK01: 222 credits remaining
      📊 TANK01: 221 credits remaining
      📊 TANK01: 220 credits remaining
      📊 TANK01: 219 credits remaining
      📊 TANK01: 218 credits remaining
      📊 TANK01: 217 credits remaining
      📊 TANK01: 216 credits remaining
      📊 TANK01: 215 credits remaining
Found 269 stat lines.
      > Checking Date: 20251206...       📊 TANK01: 213 credits remaining
      📊 TANK01: 212 credits remaining
      📊 TANK01: 211 credits remaining
      📊 TANK01: 210 credits remaining
      📊 TANK01: 209 credits remaining
      📊 TANK01: 208 credits remaining
      📊 TANK01: 207 credits remaining
Found 151 stat lines.
      > Checking Date: 20251207...       📊 TANK01: 205 credits remaining
      📊 TANK01: 204 credits remaining
      📊 TANK01: 203 credits remaining
      📊 TANK01: 202 credits remaining
      📊 TANK01: 201 credits remaining
      📊 TANK01: 200 credits remaining
      📊 TANK01: 199 credits remaining
Found 154 stat lines.
      > Checking Date: 20251208...       📊 TANK01: 197 credits remaining
      📊 TANK01: 196 credits remaining
      📊 TANK01: 195 credits remaining
Found 62 stat lines.
      > Checking Date: 20251209...       📊 TANK01: 193 credits remaining
      📊 TANK01: 192 credits remaining
Found 46 stat lines.
      > Checking Date: 20251210...       📊 TANK01: 190 credits remaining
      📊 TANK01: 189 credits remaining
Found 49 stat lines.
      > Checking Date: 20251211...       📊 TANK01: 187 credits remaining
      📊 TANK01: 186 credits remaining
      📊 TANK01: 185 credits remaining
      📊 TANK01: 184 credits remaining
Found 85 stat lines.
      > Checking Date: 20251212...       📊 TANK01: 182 credits remaining
      📊 TANK01: 181 credits remaining
      📊 TANK01: 180 credits remaining
      📊 TANK01: 179 credits remaining
      📊 TANK01: 178 credits remaining
      📊 TANK01: 177 credits remaining
      📊 TANK01: 176 credits remaining
Found 142 stat lines.
      > Checking Date: 20251213...       📊 TANK01: 174 credits remaining
      📊 TANK01: 173 credits remaining
Found 39 stat lines.
      > Checking Date: 20251214...       📊 TANK01: 171 credits remaining
      📊 TANK01: 170 credits remaining
      📊 TANK01: 169 credits remaining
      📊 TANK01: 168 credits remaining
      📊 TANK01: 167 credits remaining
      📊 TANK01: 166 credits remaining
      📊 TANK01: 165 credits remaining
      📊 TANK01: 164 credits remaining
Found 167 stat lines.
      > Checking Date: 20251215...       📊 TANK01: 162 credits remaining
      📊 TANK01: 161 credits remaining
      📊 TANK01: 160 credits remaining
      📊 TANK01: 159 credits remaining
      📊 TANK01: 158 credits remaining
Found 101 stat lines.
      > Checking Date: 20251216...       📊 TANK01: 156 credits remaining
Found 18 stat lines.
      > Checking Date: 20251217...       📊 TANK01: 154 credits remaining
      📊 TANK01: 153 credits remaining
Found 41 stat lines.
      > Checking Date: 20251218...       📊 TANK01: 151 credits remaining
      📊 TANK01: 150 credits remaining
      📊 TANK01: 149 credits remaining
      📊 TANK01: 148 credits remaining
      📊 TANK01: 147 credits remaining
      📊 TANK01: 146 credits remaining
      📊 TANK01: 145 credits remaining
      📊 TANK01: 144 credits remaining
      📊 TANK01: 143 credits remaining
      📊 TANK01: 142 credits remaining
      📊 TANK01: 141 credits remaining
      📊 TANK01: 140 credits remaining
Found 255 stat lines.
      > Checking Date: 20251219...       📊 TANK01: 138 credits remaining
      📊 TANK01: 137 credits remaining
      📊 TANK01: 136 credits remaining
      📊 TANK01: 135 credits remaining
      📊 TANK01: 134 credits remaining
Found 104 stat lines.
      > Checking Date: 20251220...       📊 TANK01: 132 credits remaining
      📊 TANK01: 131 credits remaining
      📊 TANK01: 130 credits remaining
      📊 TANK01: 129 credits remaining
      📊 TANK01: 128 credits remaining
      📊 TANK01: 127 credits remaining
      📊 TANK01: 126 credits remaining
      📊 TANK01: 125 credits remaining
      📊 TANK01: 124 credits remaining
      📊 TANK01: 123 credits remaining
Found 211 stat lines.
      > Checking Date: 20251221...       📊 TANK01: 121 credits remaining
      📊 TANK01: 120 credits remaining
      📊 TANK01: 119 credits remaining
      📊 TANK01: 118 credits remaining
      📊 TANK01: 117 credits remaining
      📊 TANK01: 116 credits remaining
Found 118 stat lines.
      > Checking Date: 20251222...       📊 TANK01: 114 credits remaining
      📊 TANK01: 113 credits remaining
      📊 TANK01: 112 credits remaining
      📊 TANK01: 111 credits remaining
      📊 TANK01: 110 credits remaining
      📊 TANK01: 109 credits remaining
      📊 TANK01: 108 credits remaining
Found 156 stat lines.
      > Checking Date: 20251223...       📊 TANK01: 106 credits remaining
      📊 TANK01: 105 credits remaining
      📊 TANK01: 104 credits remaining
      📊 TANK01: 103 credits remaining
      📊 TANK01: 102 credits remaining
      📊 TANK01: 101 credits remaining
      📊 TANK01: 100 credits remaining
      📊 TANK01: 99 credits remaining
      📊 TANK01: 98 credits remaining
      📊 TANK01: 97 credits remaining
      📊 TANK01: 96 credits remaining
      📊 TANK01: 95 credits remaining
      📊 TANK01: 94 credits remaining
      📊 TANK01: 93 credits remaining
Found 316 stat lines.
      > Checking Date: 20251224... No games.
      > Checking Date: 20251225...       📊 TANK01: 90 credits remaining
      📊 TANK01: 89 credits remaining
      📊 TANK01: 88 credits remaining
      📊 TANK01: 87 credits remaining
      📊 TANK01: 86 credits remaining
Found 114 stat lines.
      > Checking Date: 20251226...       📊 TANK01: 84 credits remaining
      📊 TANK01: 83 credits remaining
      📊 TANK01: 82 credits remaining
      📊 TANK01: 81 credits remaining
      📊 TANK01: 80 credits remaining
      📊 TANK01: 79 credits remaining
      📊 TANK01: 78 credits remaining
      📊 TANK01: 77 credits remaining
      📊 TANK01: 76 credits remaining
Found 201 stat lines.
      > Checking Date: 20251227...       📊 TANK01: 74 credits remaining
      📊 TANK01: 73 credits remaining
      📊 TANK01: 72 credits remaining
      📊 TANK01: 71 credits remaining
      📊 TANK01: 70 credits remaining
      📊 TANK01: 69 credits remaining
      📊 TANK01: 68 credits remaining
      📊 TANK01: 67 credits remaining
      📊 TANK01: 66 credits remaining
Found 197 stat lines.
      > Checking Date: 20251228...       📊 TANK01: 64 credits remaining
      📊 TANK01: 63 credits remaining
      📊 TANK01: 62 credits remaining
      📊 TANK01: 61 credits remaining
      📊 TANK01: 60 credits remaining
      📊 TANK01: 59 credits remaining
Found 129 stat lines.
      > Checking Date: 20251229...       📊 TANK01: 57 credits remaining
      📊 TANK01: 56 credits remaining
      📊 TANK01: 55 credits remaining
      📊 TANK01: 54 credits remaining
      📊 TANK01: 53 credits remaining
      📊 TANK01: 52 credits remaining
      📊 TANK01: 51 credits remaining
      📊 TANK01: 50 credits remaining
      📊 TANK01: 49 credits remaining
      📊 TANK01: 48 credits remaining
      📊 TANK01: 47 credits remaining
Found 250 stat lines.
      > Checking Date: 20251230...       📊 TANK01: 45 credits remaining
      📊 TANK01: 44 credits remaining
      📊 TANK01: 43 credits remaining
      📊 TANK01: 42 credits remaining
Found 87 stat lines.
      > Checking Date: 20251231...       📊 TANK01: 40 credits remaining
      📊 TANK01: 39 credits remaining
      📊 TANK01: 38 credits remaining
      📊 TANK01: 37 credits remaining
      📊 TANK01: 36 credits remaining
      📊 TANK01: 35 credits remaining
      📊 TANK01: 34 credits remaining
      📊 TANK01: 33 credits remaining
      📊 TANK01: 32 credits remaining
Found 196 stat lines.
      > Checking Date: 20260101...       📊 TANK01: 30 credits remaining
      📊 TANK01: 29 credits remaining
      📊 TANK01: 28 credits remaining
      📊 TANK01: 27 credits remaining
      📊 TANK01: 26 credits remaining
Found 103 stat lines.
      > Checking Date: 20260102...       📊 TANK01: 24 credits remaining
      📊 TANK01: 23 credits remaining
      📊 TANK01: 22 credits remaining
      📊 TANK01: 21 credits remaining
      📊 TANK01: 20 credits remaining
      📊 TANK01: 19 credits remaining
      📊 TANK01: 18 credits remaining
      📊 TANK01: 17 credits remaining
      📊 TANK01: 16 credits remaining
      📊 TANK01: 15 credits remaining
Found 209 stat lines.
      > Checking Date: 20260103...       📊 TANK01: 13 credits remaining
      📊 TANK01: 12 credits remaining
      📊 TANK01: 11 credits remaining
      📊 TANK01: 10 credits remaining
      📊 TANK01: 9 credits remaining
      📊 TANK01: 8 credits remaining
      📊 TANK01: 7 credits remaining
      📊 TANK01: 6 credits remaining
Found 167 stat lines.
      > Checking Date: 20260104...       📊 TANK01: 4 credits remaining
      📊 TANK01: 3 credits remaining
      📊 TANK01: 2 credits remaining
      📊 TANK01: 1 credits remaining
      📊 TANK01: 0 credits remaining
      📊 TANK01: -1 credits remaining
      📊 TANK01: -2 credits remaining
      📊 TANK01: -3 credits remaining
Found 171 stat lines.
      > Checking Date: 20260105...       📊 TANK01: -5 credits remaining
      📊 TANK01: -6 credits remaining
      📊 TANK01: -7 credits remaining
      📊 TANK01: -8 credits remaining
      📊 TANK01: -9 credits remaining
      📊 TANK01: -10 credits remaining
      📊 TANK01: -11 credits remaining
      📊 TANK01: -12 credits remaining
Found 169 stat lines.
      > Checking Date: 20260106...       📊 TANK01: -14 credits remaining
      📊 TANK01: -15 credits remaining
      📊 TANK01: -16 credits remaining
      📊 TANK01: -17 credits remaining
      📊 TANK01: -18 credits remaining
      📊 TANK01: -19 credits remaining
Found 129 stat lines.
      > Checking Date: 20260107...       📊 TANK01: -21 credits remaining
      📊 TANK01: -22 credits remaining
      📊 TANK01: -23 credits remaining
      📊 TANK01: -24 credits remaining
      📊 TANK01: -25 credits remaining
      📊 TANK01: -26 credits remaining
      📊 TANK01: -27 credits remaining
      📊 TANK01: -28 credits remaining
      📊 TANK01: -29 credits remaining
      📊 TANK01: -30 credits remaining
      📊 TANK01: -31 credits remaining
      📊 TANK01: -32 credits remaining
Found 260 stat lines.
      > Checking Date: 20260108...       📊 TANK01: -34 credits remaining
      📊 TANK01: -35 credits remaining
      📊 TANK01: -36 credits remaining
      📊 TANK01: -37 credits remaining
Found 60 stat lines.
      > Checking Date: 20260109...       📊 TANK01: -39 credits remaining
      📊 TANK01: -40 credits remaining
      📊 TANK01: -41 credits remaining
      📊 TANK01: -42 credits remaining
      📊 TANK01: -43 credits remaining
      📊 TANK01: -44 credits remaining
      📊 TANK01: -45 credits remaining
      📊 TANK01: -46 credits remaining
      📊 TANK01: -47 credits remaining
      📊 TANK01: -48 credits remaining
Found 208 stat lines.
      > Checking Date: 20260110...       📊 TANK01: -50 credits remaining
      📊 TANK01: -51 credits remaining
      📊 TANK01: -52 credits remaining
      📊 TANK01: -53 credits remaining
      📊 TANK01: -54 credits remaining
      📊 TANK01: -55 credits remaining
Found 136 stat lines.
      > Checking Date: 20260111...       📊 TANK01: -57 credits remaining
      📊 TANK01: -58 credits remaining
      📊 TANK01: -59 credits remaining
      📊 TANK01: -60 credits remaining
      📊 TANK01: -61 credits remaining
      📊 TANK01: -62 credits remaining
      📊 TANK01: -63 credits remaining
      📊 TANK01: -64 credits remaining
      📊 TANK01: -65 credits remaining
      📊 TANK01: -66 credits remaining
Found 212 stat lines.
      > Checking Date: 20260112...       📊 TANK01: -68 credits remaining
      📊 TANK01: -69 credits remaining
      📊 TANK01: -70 credits remaining
      📊 TANK01: -71 credits remaining
      📊 TANK01: -72 credits remaining
      📊 TANK01: -73 credits remaining
Found 128 stat lines.
      > Checking Date: 20260113...       📊 TANK01: -75 credits remaining
      📊 TANK01: -76 credits remaining
      📊 TANK01: -77 credits remaining
      📊 TANK01: -78 credits remaining
      📊 TANK01: -79 credits remaining
      📊 TANK01: -80 credits remaining
      📊 TANK01: -81 credits remaining
Found 155 stat lines.
      > Checking Date: 20260114...       📊 TANK01: -83 credits remaining
      📊 TANK01: -84 credits remaining
      📊 TANK01: -85 credits remaining
      📊 TANK01: -86 credits remaining
      📊 TANK01: -87 credits remaining
      📊 TANK01: -88 credits remaining
      📊 TANK01: -89 credits remaining
Found 153 stat lines.
      > Checking Date: 20260115...       📊 TANK01: -91 credits remaining
      📊 TANK01: -92 credits remaining
      📊 TANK01: -93 credits remaining
      📊 TANK01: -94 credits remaining
      📊 TANK01: -95 credits remaining
      📊 TANK01: -96 credits remaining
      📊 TANK01: -97 credits remaining
      📊 TANK01: -98 credits remaining
      📊 TANK01: -99 credits remaining
Found 201 stat lines.
      > Checking Date: 20260116...       📊 TANK01: -101 credits remaining
      📊 TANK01: -102 credits remaining
      📊 TANK01: -103 credits remaining
      📊 TANK01: -104 credits remaining
      📊 TANK01: -105 credits remaining
      📊 TANK01: -106 credits remaining
Found 119 stat lines.
      > Checking Date: 20260117...       📊 TANK01: -108 credits remaining
      📊 TANK01: -109 credits remaining
      📊 TANK01: -110 credits remaining
      📊 TANK01: -111 credits remaining
      📊 TANK01: -112 credits remaining
      📊 TANK01: -113 credits remaining
      📊 TANK01: -114 credits remaining
      📊 TANK01: -115 credits remaining
      📊 TANK01: -116 credits remaining
Found 197 stat lines.
      > Checking Date: 20260118...       📊 TANK01: -118 credits remaining
      📊 TANK01: -119 credits remaining
      📊 TANK01: -120 credits remaining
      📊 TANK01: -121 credits remaining
      📊 TANK01: -122 credits remaining
      📊 TANK01: -123 credits remaining
Found 134 stat lines.
      > Checking Date: 20260119...       📊 TANK01: -125 credits remaining
      📊 TANK01: -126 credits remaining
      📊 TANK01: -127 credits remaining
      📊 TANK01: -128 credits remaining
      📊 TANK01: -129 credits remaining
      📊 TANK01: -130 credits remaining
      📊 TANK01: -131 credits remaining
      📊 TANK01: -132 credits remaining
      📊 TANK01: -133 credits remaining
Found 198 stat lines.
      > Checking Date: 20260120...       📊 TANK01: -135 credits remaining
      📊 TANK01: -136 credits remaining
      📊 TANK01: -137 credits remaining
      📊 TANK01: -138 credits remaining
      📊 TANK01: -139 credits remaining
      📊 TANK01: -140 credits remaining
      📊 TANK01: -141 credits remaining
Found 147 stat lines.
      > Checking Date: 20260121...       📊 TANK01: -143 credits remaining
      📊 TANK01: -144 credits remaining
      📊 TANK01: -145 credits remaining
      📊 TANK01: -146 credits remaining
      📊 TANK01: -147 credits remaining
      📊 TANK01: -148 credits remaining
      📊 TANK01: -149 credits remaining
Found 156 stat lines.
      > Checking Date: 20260122...       📊 TANK01: -151 credits remaining
      📊 TANK01: -152 credits remaining
      📊 TANK01: -153 credits remaining
      📊 TANK01: -154 credits remaining
      📊 TANK01: -155 credits remaining
      📊 TANK01: -156 credits remaining
      📊 TANK01: -157 credits remaining
      📊 TANK01: -158 credits remaining
Found 165 stat lines.
      > Checking Date: 20260123...       📊 TANK01: -160 credits remaining
      📊 TANK01: -161 credits remaining
      📊 TANK01: -162 credits remaining
      📊 TANK01: -163 credits remaining
      📊 TANK01: -164 credits remaining
      📊 TANK01: -165 credits remaining
      📊 TANK01: -166 credits remaining
      📊 TANK01: -167 credits remaining
Found 160 stat lines.
      > Checking Date: 20260124...       📊 TANK01: -169 credits remaining
      📊 TANK01: -170 credits remaining
      📊 TANK01: -171 credits remaining
      📊 TANK01: -172 credits remaining
      📊 TANK01: -173 credits remaining
      📊 TANK01: -174 credits remaining
      📊 TANK01: -175 credits remaining
Found 122 stat lines.
      > Checking Date: 20260125...       📊 TANK01: -177 credits remaining
      📊 TANK01: -178 credits remaining
      📊 TANK01: -179 credits remaining
      📊 TANK01: -180 credits remaining
      📊 TANK01: -181 credits remaining
      📊 TANK01: -182 credits remaining
      📊 TANK01: -183 credits remaining
      📊 TANK01: -184 credits remaining
Found 139 stat lines.
      > Checking Date: 20260126...       📊 TANK01: -186 credits remaining
      📊 TANK01: -187 credits remaining
      📊 TANK01: -188 credits remaining
      📊 TANK01: -189 credits remaining
      📊 TANK01: -190 credits remaining
      📊 TANK01: -191 credits remaining
      📊 TANK01: -192 credits remaining
Found 155 stat lines.
      > Checking Date: 20260127...       📊 TANK01: -194 credits remaining
      📊 TANK01: -195 credits remaining
      📊 TANK01: -196 credits remaining
      📊 TANK01: -197 credits remaining
      📊 TANK01: -198 credits remaining
      📊 TANK01: -199 credits remaining
      📊 TANK01: -200 credits remaining
Found 146 stat lines.
      > Checking Date: 20260128...       📊 TANK01: -202 credits remaining
      📊 TANK01: -203 credits remaining
      📊 TANK01: -204 credits remaining
      📊 TANK01: -205 credits remaining
      📊 TANK01: -206 credits remaining
      📊 TANK01: -207 credits remaining
      📊 TANK01: -208 credits remaining
      📊 TANK01: -209 credits remaining
      📊 TANK01: -210 credits remaining
Found 203 stat lines.
      > Checking Date: 20260129...       📊 TANK01: -212 credits remaining
      📊 TANK01: -213 credits remaining
      📊 TANK01: -214 credits remaining
      📊 TANK01: -215 credits remaining
      📊 TANK01: -216 credits remaining
      📊 TANK01: -217 credits remaining
      📊 TANK01: -218 credits remaining
      📊 TANK01: -219 credits remaining
Found 172 stat lines.
      > Checking Date: 20260130...       📊 TANK01: -221 credits remaining
      📊 TANK01: -222 credits remaining
      📊 TANK01: -223 credits remaining
      📊 TANK01: -224 credits remaining
      📊 TANK01: -225 credits remaining
      📊 TANK01: -226 credits remaining
      📊 TANK01: -227 credits remaining
      📊 TANK01: -228 credits remaining
      📊 TANK01: -229 credits remaining
Found 201 stat lines.
      > Checking Date: 20260131...       📊 TANK01: -231 credits remaining
      📊 TANK01: -232 credits remaining
      📊 TANK01: -233 credits remaining
      📊 TANK01: -234 credits remaining
      📊 TANK01: -235 credits remaining
      📊 TANK01: -236 credits remaining
Found 118 stat lines.
      > Checking Date: 20260201...       📊 TANK01: -238 credits remaining
      📊 TANK01: -239 credits remaining
      📊 TANK01: -240 credits remaining
      📊 TANK01: -241 credits remaining
      📊 TANK01: -242 credits remaining
      📊 TANK01: -243 credits remaining
      📊 TANK01: -244 credits remaining
      📊 TANK01: -245 credits remaining
      📊 TANK01: -246 credits remaining
      📊 TANK01: -247 credits remaining
Found 235 stat lines.

   💾 SUCCESS: Added 16086 new rows to database.
   📈 New Total: 16087 rows.
