
==================================================
👻 LUDI GHOST PROTOCOL v2.1 | HUMAN STEALTH MODE
📅 Range: 2026-01-14 00:00:00 -> 2026-01-28 00:00:00
🖥️  Mode: Visible Browser
==================================================

[2026-01-14] Processing...
      Scanning Drives table...
      [DEBUG] Found 152 rows for Drives
   ✓ Drives: 152 records
      Scanning Catch & Shoot table...
      [DEBUG] Found 152 rows for Catch & Shoot
   ✓ Catch & Shoot: 152 records
      Scanning Pull Up Shooting table...
      [DEBUG] Found 152 rows for Pull Up Shooting
   ✓ Pull Up Shooting: 152 records
      Scanning Speed & Distance table...
      [DEBUG] Found 152 rows for Speed & Distance
   ✓ Speed & Distance: 152 records
      Scanning Advanced Stats table...
      [DEBUG] Found 152 rows for Advanced Stats
   ✓ Advanced Stats: 152 records
      Scanning Clutch Traditional table...
      ⚠️  Pagination Error (Non-Critical): Page.select_option: Timeout 10000ms exceeded.
Call log:
  - waiting for locator(".Pagination_pageDropdown__KgjBU select")
    - locator resolved to <select name="" disabled class="DropDown_select__4pIg9">…</select>
  - attempting select option action
    2 × waiting for element to be visible and enabled
      - element is not enabled
    - retrying select option action
    - waiting 20ms
    2 × waiting for element to be visible and enabled
      - element is not enabled
    - retrying select option action
      - waiting 100ms
    20 × waiting for element to be visible and enabled
       - element is not enabled
     - retrying select option action
       - waiting 500ms

      [DEBUG] Found 35 rows for Clutch Traditional
   ✓ Clutch Traditional: 35 records
      Scanning Opponent Stats table...
      [DEBUG] Found 152 rows for Opponent Stats
   ✓ Opponent Stats: 152 records
      Scanning Hustle Stats table...
      [DEBUG] Found 144 rows for Hustle Stats
   ✓ Hustle Stats: 144 records
   📊 Closest Defender (4 distance ranges)...
      Scraping 0-2 Feet - Very Tight...
      Scanning Closest Defender (0-2 Feet - Very Tight) table...
      [DEBUG] Found 54 rows for Closest Defender (0-2 Feet - Very Tight)
      Scraping 2-4 Feet - Tight...
      Scanning Closest Defender (2-4 Feet - Tight) table...
      [DEBUG] Found 121 rows for Closest Defender (2-4 Feet - Tight)
      Scraping 4-6 Feet - Open...
      Scanning Closest Defender (4-6 Feet - Open) table...
      [DEBUG] Found 123 rows for Closest Defender (4-6 Feet - Open)
      Scraping 6+ Feet - Wide Open...
      Scanning Closest Defender (6+ Feet - Wide Open) table...
      [DEBUG] Found 114 rows for Closest Defender (6+ Feet - Wide Open)
   ✓ Closest Defender: 144 records

[2026-01-15] Processing...
      Scanning Drives table...
      [DEBUG] Found 201 rows for Drives
   ✓ Drives: 201 records
      Scanning Catch & Shoot table...
      [DEBUG] Found 201 rows for Catch & Shoot
   ✓ Catch & Shoot: 201 records
      Scanning Pull Up Shooting table...
      [DEBUG] Found 201 rows for Pull Up Shooting
   ✓ Pull Up Shooting: 201 records
      Scanning Speed & Distance table...
      [DEBUG] Found 201 rows for Speed & Distance
   ✓ Speed & Distance: 201 records
      Scanning Advanced Stats table...
      [DEBUG] Found 201 rows for Advanced Stats
   ✓ Advanced Stats: 201 records
      Scanning Clutch Traditional table...
      ⚠️  Pagination Error (Non-Critical): Page.select_option: Timeout 10000ms exceeded.
Call log:
  - waiting for locator(".Pagination_pageDropdown__KgjBU select")
    - locator resolved to <select name="" disabled class="DropDown_select__4pIg9">…</select>
  - attempting select option action
    2 × waiting for element to be visible and enabled
      - element is not enabled
    - retrying select option action
    - waiting 20ms
    2 × waiting for element to be visible and enabled
      - element is not enabled
    - retrying select option action
      - waiting 100ms
    20 × waiting for element to be visible and enabled
       - element is not enabled
     - retrying select option action
       - waiting 500ms

      [DEBUG] Found 45 rows for Clutch Traditional
   ✓ Clutch Traditional: 45 records
      Scanning Opponent Stats table...
      [DEBUG] Found 201 rows for Opponent Stats
   ✓ Opponent Stats: 201 records
      Scanning Hustle Stats table...
      [DEBUG] Found 190 rows for Hustle Stats
   ✓ Hustle Stats: 190 records
   📊 Closest Defender (4 distance ranges)...
      Scraping 0-2 Feet - Very Tight...
      Scanning Closest Defender (0-2 Feet - Very Tight) table...
      [DEBUG] Found 81 rows for Closest Defender (0-2 Feet - Very Tight)
      Scraping 2-4 Feet - Tight...
      Scanning Closest Defender (2-4 Feet - Tight) table...
      [DEBUG] Found 151 rows for Closest Defender (2-4 Feet - Tight)
      Scraping 4-6 Feet - Open...
      Scanning Closest Defender (4-6 Feet - Open) table...
      [DEBUG] Found 155 rows for Closest Defender (4-6 Feet - Open)
      Scraping 6+ Feet - Wide Open...
      Scanning Closest Defender (6+ Feet - Wide Open) table...
      [DEBUG] Found 148 rows for Closest Defender (6+ Feet - Wide Open)
   ✓ Closest Defender: 190 records

[2026-01-16] Processing...
      Scanning Drives table...
      [DEBUG] Found 119 rows for Drives
   ✓ Drives: 119 records
      Scanning Catch & Shoot table...
      [DEBUG] Found 119 rows for Catch & Shoot
   ✓ Catch & Shoot: 119 records
      Scanning Pull Up Shooting table...
      [DEBUG] Found 119 rows for Pull Up Shooting
   ✓ Pull Up Shooting: 119 records
      Scanning Speed & Distance table...
      [DEBUG] Found 119 rows for Speed & Distance
   ✓ Speed & Distance: 119 records
      Scanning Advanced Stats table...
      [DEBUG] Found 119 rows for Advanced Stats
   ✓ Advanced Stats: 119 records
      Scanning Clutch Traditional table...
      [DEBUG] Found 54 rows for Clutch Traditional
   ✓ Clutch Traditional: 54 records
      Scanning Opponent Stats table...
      [DEBUG] Found 119 rows for Opponent Stats
   ✓ Opponent Stats: 119 records
      Scanning Hustle Stats table...
      [DEBUG] Found 116 rows for Hustle Stats
   ✓ Hustle Stats: 116 records
   📊 Closest Defender (4 distance ranges)...
      Scraping 0-2 Feet - Very Tight...
      Scanning Closest Defender (0-2 Feet - Very Tight) table...
      ⚠️  Pagination Error (Non-Critical): Page.select_option: Timeout 10000ms exceeded.
Call log:
  - waiting for locator(".Pagination_pageDropdown__KgjBU select")
    - locator resolved to <select name="" disabled class="DropDown_select__4pIg9">…</select>
  - attempting select option action
    2 × waiting for element to be visible and enabled
      - element is not enabled
    - retrying select option action
    - waiting 20ms
    2 × waiting for element to be visible and enabled
      - element is not enabled
    - retrying select option action
      - waiting 100ms
    20 × waiting for element to be visible and enabled
       - element is not enabled
     - retrying select option action
       - waiting 500ms

      [DEBUG] Found 38 rows for Closest Defender (0-2 Feet - Very Tight)
      Scraping 2-4 Feet - Tight...
      Scanning Closest Defender (2-4 Feet - Tight) table...
      [DEBUG] Found 101 rows for Closest Defender (2-4 Feet - Tight)
      Scraping 4-6 Feet - Open...
      Scanning Closest Defender (4-6 Feet - Open) table...
      [DEBUG] Found 97 rows for Closest Defender (4-6 Feet - Open)
      Scraping 6+ Feet - Wide Open...
      Scanning Closest Defender (6+ Feet - Wide Open) table...
      [DEBUG] Found 91 rows for Closest Defender (6+ Feet - Wide Open)
   ✓ Closest Defender: 117 records

[2026-01-17] Processing...
      Scanning Drives table...
      [DEBUG] Found 197 rows for Drives
   ✓ Drives: 197 records
      Scanning Catch & Shoot table...
      [DEBUG] Found 197 rows for Catch & Shoot
   ✓ Catch & Shoot: 197 records
      Scanning Pull Up Shooting table...
      [DEBUG] Found 197 rows for Pull Up Shooting
   ✓ Pull Up Shooting: 197 records
      Scanning Speed & Distance table...
      [DEBUG] Found 197 rows for Speed & Distance
   ✓ Speed & Distance: 197 records
      Scanning Advanced Stats table...
      [DEBUG] Found 197 rows for Advanced Stats
   ✓ Advanced Stats: 197 records
      Scanning Clutch Traditional table...
      [DEBUG] Found 50 rows for Clutch Traditional
   ✓ Clutch Traditional: 50 records
      Scanning Opponent Stats table...
      [DEBUG] Found 197 rows for Opponent Stats
   ✓ Opponent Stats: 197 records
      Scanning Hustle Stats table...
      [DEBUG] Found 189 rows for Hustle Stats
   ✓ Hustle Stats: 189 records
   📊 Closest Defender (4 distance ranges)...
      Scraping 0-2 Feet - Very Tight...
      Scanning Closest Defender (0-2 Feet - Very Tight) table...
      [DEBUG] Found 68 rows for Closest Defender (0-2 Feet - Very Tight)
      Scraping 2-4 Feet - Tight...
      Scanning Closest Defender (2-4 Feet - Tight) table...
      [DEBUG] Found 156 rows for Closest Defender (2-4 Feet - Tight)
      Scraping 4-6 Feet - Open...
      Scanning Closest Defender (4-6 Feet - Open) table...
      [DEBUG] Found 152 rows for Closest Defender (4-6 Feet - Open)
      Scraping 6+ Feet - Wide Open...
      Scanning Closest Defender (6+ Feet - Wide Open) table...
      [DEBUG] Found 148 rows for Closest Defender (6+ Feet - Wide Open)
   ✓ Closest Defender: 187 records

[2026-01-18] Processing...
      Scanning Drives table...
      [DEBUG] Found 134 rows for Drives
   ✓ Drives: 134 records
      Scanning Catch & Shoot table...
      [DEBUG] Found 134 rows for Catch & Shoot
   ✓ Catch & Shoot: 134 records
      Scanning Pull Up Shooting table...
      [DEBUG] Found 134 rows for Pull Up Shooting
   ✓ Pull Up Shooting: 134 records
      Scanning Speed & Distance table...
      [DEBUG] Found 134 rows for Speed & Distance
   ✓ Speed & Distance: 134 records
      Scanning Advanced Stats table...
      [DEBUG] Found 134 rows for Advanced Stats
   ✓ Advanced Stats: 134 records
      Scanning Clutch Traditional table...
      ⚠️  Pagination Error (Non-Critical): Page.select_option: Timeout 10000ms exceeded.
Call log:
  - waiting for locator(".Pagination_pageDropdown__KgjBU select")
    - locator resolved to <select name="" disabled class="DropDown_select__4pIg9">…</select>
  - attempting select option action
    2 × waiting for element to be visible and enabled
      - element is not enabled
    - retrying select option action
    - waiting 20ms
    2 × waiting for element to be visible and enabled
      - element is not enabled
    - retrying select option action
      - waiting 100ms
    20 × waiting for element to be visible and enabled
       - element is not enabled
     - retrying select option action
       - waiting 500ms

      [DEBUG] Found 12 rows for Clutch Traditional
   ✓ Clutch Traditional: 12 records
      Scanning Opponent Stats table...
      [DEBUG] Found 134 rows for Opponent Stats
   ✓ Opponent Stats: 134 records
      Scanning Hustle Stats table...
      [DEBUG] Found 126 rows for Hustle Stats
   ✓ Hustle Stats: 126 records
   📊 Closest Defender (4 distance ranges)...
      Scraping 0-2 Feet - Very Tight...
      Scanning Closest Defender (0-2 Feet - Very Tight) table...
      ⚠️  Pagination Error (Non-Critical): Page.select_option: Timeout 10000ms exceeded.
Call log:
  - waiting for locator(".Pagination_pageDropdown__KgjBU select")
    - locator resolved to <select name="" disabled class="DropDown_select__4pIg9">…</select>
  - attempting select option action
    2 × waiting for element to be visible and enabled
      - element is not enabled
    - retrying select option action
    - waiting 20ms
    2 × waiting for element to be visible and enabled
      - element is not enabled
    - retrying select option action
      - waiting 100ms
    20 × waiting for element to be visible and enabled
       - element is not enabled
     - retrying select option action
       - waiting 500ms

      [DEBUG] Found 41 rows for Closest Defender (0-2 Feet - Very Tight)
      Scraping 2-4 Feet - Tight...
      Scanning Closest Defender (2-4 Feet - Tight) table...
      [DEBUG] Found 109 rows for Closest Defender (2-4 Feet - Tight)
      Scraping 4-6 Feet - Open...
      Scanning Closest Defender (4-6 Feet - Open) table...
      [DEBUG] Found 103 rows for Closest Defender (4-6 Feet - Open)
      Scraping 6+ Feet - Wide Open...
      Scanning Closest Defender (6+ Feet - Wide Open) table...
      [DEBUG] Found 102 rows for Closest Defender (6+ Feet - Wide Open)
   ✓ Closest Defender: 128 records

[2026-01-19] Processing...
      Scanning Drives table...
      [DEBUG] Found 198 rows for Drives
   ✓ Drives: 198 records
      Scanning Catch & Shoot table...
      [DEBUG] Found 198 rows for Catch & Shoot
   ✓ Catch & Shoot: 198 records
      Scanning Pull Up Shooting table...
      [DEBUG] Found 198 rows for Pull Up Shooting
   ✓ Pull Up Shooting: 198 records
      Scanning Speed & Distance table...
      [DEBUG] Found 198 rows for Speed & Distance
   ✓ Speed & Distance: 198 records
      Scanning Advanced Stats table...
      [DEBUG] Found 198 rows for Advanced Stats
   ✓ Advanced Stats: 198 records
      Scanning Clutch Traditional table...
      [DEBUG] Found 50 rows for Clutch Traditional
   ✓ Clutch Traditional: 50 records
      Scanning Opponent Stats table...
      [DEBUG] Found 198 rows for Opponent Stats
   ✓ Opponent Stats: 198 records
      Scanning Hustle Stats table...
      [DEBUG] Found 186 rows for Hustle Stats
   ✓ Hustle Stats: 186 records
   📊 Closest Defender (4 distance ranges)...
      Scraping 0-2 Feet - Very Tight...
      Scanning Closest Defender (0-2 Feet - Very Tight) table...
      [DEBUG] Found 61 rows for Closest Defender (0-2 Feet - Very Tight)
      Scraping 2-4 Feet - Tight...
      Scanning Closest Defender (2-4 Feet - Tight) table...
      [DEBUG] Found 157 rows for Closest Defender (2-4 Feet - Tight)
      Scraping 4-6 Feet - Open...
      Scanning Closest Defender (4-6 Feet - Open) table...
      [DEBUG] Found 141 rows for Closest Defender (4-6 Feet - Open)
      Scraping 6+ Feet - Wide Open...
      Scanning Closest Defender (6+ Feet - Wide Open) table...
      [DEBUG] Found 140 rows for Closest Defender (6+ Feet - Wide Open)
   ✓ Closest Defender: 186 records

[2026-01-20] Processing...
      Scanning Drives table...
      [DEBUG] Found 147 rows for Drives
   ✓ Drives: 147 records
      Scanning Catch & Shoot table...
      [DEBUG] Found 147 rows for Catch & Shoot
   ✓ Catch & Shoot: 147 records
      Scanning Pull Up Shooting table...
      [DEBUG] Found 147 rows for Pull Up Shooting
   ✓ Pull Up Shooting: 147 records
      Scanning Speed & Distance table...
      [DEBUG] Found 147 rows for Speed & Distance
   ✓ Speed & Distance: 147 records
      Scanning Advanced Stats table...
      [DEBUG] Found 147 rows for Advanced Stats
   ✓ Advanced Stats: 147 records
      Scanning Clutch Traditional table...
      ⚠️  Pagination Error (Non-Critical): Page.select_option: Timeout 10000ms exceeded.
Call log:
  - waiting for locator(".Pagination_pageDropdown__KgjBU select")
    - locator resolved to <select name="" disabled class="DropDown_select__4pIg9">…</select>
  - attempting select option action
    2 × waiting for element to be visible and enabled
      - element is not enabled
    - retrying select option action
    - waiting 20ms
    2 × waiting for element to be visible and enabled
      - element is not enabled
    - retrying select option action
      - waiting 100ms
    20 × waiting for element to be visible and enabled
       - element is not enabled
     - retrying select option action
       - waiting 500ms

      [DEBUG] Found 29 rows for Clutch Traditional
   ✓ Clutch Traditional: 29 records
      Scanning Opponent Stats table...
      [DEBUG] Found 147 rows for Opponent Stats
   ✓ Opponent Stats: 147 records
      Scanning Hustle Stats table...
      [DEBUG] Found 138 rows for Hustle Stats
   ✓ Hustle Stats: 138 records
   📊 Closest Defender (4 distance ranges)...
      Scraping 0-2 Feet - Very Tight...
      Scanning Closest Defender (0-2 Feet - Very Tight) table...
      [DEBUG] Found 64 rows for Closest Defender (0-2 Feet - Very Tight)
      Scraping 2-4 Feet - Tight...
      Scanning Closest Defender (2-4 Feet - Tight) table...
      [DEBUG] Found 126 rows for Closest Defender (2-4 Feet - Tight)
      Scraping 4-6 Feet - Open...
      Scanning Closest Defender (4-6 Feet - Open) table...
      [DEBUG] Found 104 rows for Closest Defender (4-6 Feet - Open)
      Scraping 6+ Feet - Wide Open...
      Scanning Closest Defender (6+ Feet - Wide Open) table...
      [DEBUG] Found 107 rows for Closest Defender (6+ Feet - Wide Open)
   ✓ Closest Defender: 142 records

[2026-01-21] Processing...
      Scanning Drives table...
      [DEBUG] Found 156 rows for Drives
   ✓ Drives: 156 records
      Scanning Catch & Shoot table...
      [DEBUG] Found 156 rows for Catch & Shoot
   ✓ Catch & Shoot: 156 records
      Scanning Pull Up Shooting table...
      [DEBUG] Found 156 rows for Pull Up Shooting
   ✓ Pull Up Shooting: 156 records
      Scanning Speed & Distance table...
      [DEBUG] Found 156 rows for Speed & Distance
   ✓ Speed & Distance: 156 records
      Scanning Advanced Stats table...
      [DEBUG] Found 156 rows for Advanced Stats
   ✓ Advanced Stats: 156 records
      Scanning Clutch Traditional table...
      ⚠️  Pagination Error (Non-Critical): Page.select_option: Timeout 10000ms exceeded.
Call log:
  - waiting for locator(".Pagination_pageDropdown__KgjBU select")
    - locator resolved to <select name="" disabled class="DropDown_select__4pIg9">…</select>
  - attempting select option action
    2 × waiting for element to be visible and enabled
      - element is not enabled
    - retrying select option action
    - waiting 20ms
    2 × waiting for element to be visible and enabled
      - element is not enabled
    - retrying select option action
      - waiting 100ms
    20 × waiting for element to be visible and enabled
       - element is not enabled
     - retrying select option action
       - waiting 500ms

      [DEBUG] Found 39 rows for Clutch Traditional
   ✓ Clutch Traditional: 39 records
      Scanning Opponent Stats table...
      [DEBUG] Found 156 rows for Opponent Stats
   ✓ Opponent Stats: 156 records
      Scanning Hustle Stats table...
      [DEBUG] Found 149 rows for Hustle Stats
   ✓ Hustle Stats: 149 records
   📊 Closest Defender (4 distance ranges)...
      Scraping 0-2 Feet - Very Tight...
      Scanning Closest Defender (0-2 Feet - Very Tight) table...
      [DEBUG] Found 64 rows for Closest Defender (0-2 Feet - Very Tight)
      Scraping 2-4 Feet - Tight...
      Scanning Closest Defender (2-4 Feet - Tight) table...
      [DEBUG] Found 130 rows for Closest Defender (2-4 Feet - Tight)
      Scraping 4-6 Feet - Open...
      Scanning Closest Defender (4-6 Feet - Open) table...
      [DEBUG] Found 122 rows for Closest Defender (4-6 Feet - Open)
      Scraping 6+ Feet - Wide Open...
      Scanning Closest Defender (6+ Feet - Wide Open) table...
      [DEBUG] Found 114 rows for Closest Defender (6+ Feet - Wide Open)
   ✓ Closest Defender: 149 records

[2026-01-22] Processing...
      Scanning Drives table...
      [DEBUG] Found 165 rows for Drives
   ✓ Drives: 165 records
      Scanning Catch & Shoot table...
      [DEBUG] Found 165 rows for Catch & Shoot
   ✓ Catch & Shoot: 165 records
      Scanning Pull Up Shooting table...
      [DEBUG] Found 165 rows for Pull Up Shooting
   ✓ Pull Up Shooting: 165 records
      Scanning Speed & Distance table...
      [DEBUG] Found 165 rows for Speed & Distance
   ✓ Speed & Distance: 165 records
      Scanning Advanced Stats table...
      [DEBUG] Found 165 rows for Advanced Stats
   ✓ Advanced Stats: 165 records
      Scanning Clutch Traditional table...
      ⚠️  Pagination Error (Non-Critical): Page.select_option: Timeout 10000ms exceeded.
Call log:
  - waiting for locator(".Pagination_pageDropdown__KgjBU select")
    - locator resolved to <select name="" disabled class="DropDown_select__4pIg9">…</select>
  - attempting select option action
    2 × waiting for element to be visible and enabled
      - element is not enabled
    - retrying select option action
    - waiting 20ms
    2 × waiting for element to be visible and enabled
      - element is not enabled
    - retrying select option action
      - waiting 100ms
    20 × waiting for element to be visible and enabled
       - element is not enabled
     - retrying select option action
       - waiting 500ms

      [DEBUG] Found 49 rows for Clutch Traditional
   ✓ Clutch Traditional: 49 records
      Scanning Opponent Stats table...
      [DEBUG] Found 165 rows for Opponent Stats
   ✓ Opponent Stats: 165 records
      Scanning Hustle Stats table...
      [DEBUG] Found 162 rows for Hustle Stats
   ✓ Hustle Stats: 162 records
   📊 Closest Defender (4 distance ranges)...
      Scraping 0-2 Feet - Very Tight...
      Scanning Closest Defender (0-2 Feet - Very Tight) table...
      [DEBUG] Found 68 rows for Closest Defender (0-2 Feet - Very Tight)
      Scraping 2-4 Feet - Tight...
      Scanning Closest Defender (2-4 Feet - Tight) table...
      [DEBUG] Found 137 rows for Closest Defender (2-4 Feet - Tight)
      Scraping 4-6 Feet - Open...
      Scanning Closest Defender (4-6 Feet - Open) table...
      [DEBUG] Found 119 rows for Closest Defender (4-6 Feet - Open)
      Scraping 6+ Feet - Wide Open...
      Scanning Closest Defender (6+ Feet - Wide Open) table...
      [DEBUG] Found 134 rows for Closest Defender (6+ Feet - Wide Open)
   ✓ Closest Defender: 158 records

[2026-01-23] Processing...
      Scanning Drives table...
      [DEBUG] Found 160 rows for Drives
   ✓ Drives: 160 records
      Scanning Catch & Shoot table...
      [DEBUG] Found 160 rows for Catch & Shoot
   ✓ Catch & Shoot: 160 records
      Scanning Pull Up Shooting table...
      [DEBUG] Found 160 rows for Pull Up Shooting
   ✓ Pull Up Shooting: 160 records
      Scanning Speed & Distance table...
      [DEBUG] Found 160 rows for Speed & Distance
   ✓ Speed & Distance: 160 records
      Scanning Advanced Stats table...
      [DEBUG] Found 160 rows for Advanced Stats
   ✓ Advanced Stats: 160 records
      Scanning Clutch Traditional table...
      [DEBUG] Found 91 rows for Clutch Traditional
   ✓ Clutch Traditional: 91 records
      Scanning Opponent Stats table...
      [DEBUG] Found 160 rows for Opponent Stats
   ✓ Opponent Stats: 160 records
      Scanning Hustle Stats table...
      [DEBUG] Found 155 rows for Hustle Stats
   ✓ Hustle Stats: 155 records
   📊 Closest Defender (4 distance ranges)...
      Scraping 0-2 Feet - Very Tight...
      Scanning Closest Defender (0-2 Feet - Very Tight) table...
      [DEBUG] Found 57 rows for Closest Defender (0-2 Feet - Very Tight)
      Scraping 2-4 Feet - Tight...
      Scanning Closest Defender (2-4 Feet - Tight) table...
      [DEBUG] Found 133 rows for Closest Defender (2-4 Feet - Tight)
      Scraping 4-6 Feet - Open...
      Scanning Closest Defender (4-6 Feet - Open) table...
      [DEBUG] Found 123 rows for Closest Defender (4-6 Feet - Open)
      Scraping 6+ Feet - Wide Open...
      Scanning Closest Defender (6+ Feet - Wide Open) table...
      [DEBUG] Found 126 rows for Closest Defender (6+ Feet - Wide Open)
   ✓ Closest Defender: 155 records

[2026-01-24] Processing...
      Scanning Drives table...
      [DEBUG] Found 121 rows for Drives
   ✓ Drives: 121 records
      Scanning Catch & Shoot table...
      [DEBUG] Found 121 rows for Catch & Shoot
   ✓ Catch & Shoot: 121 records
      Scanning Pull Up Shooting table...
      [DEBUG] Found 121 rows for Pull Up Shooting
   ✓ Pull Up Shooting: 121 records
      Scanning Speed & Distance table...
      [DEBUG] Found 121 rows for Speed & Distance
   ✓ Speed & Distance: 121 records
      Scanning Advanced Stats table...
      [DEBUG] Found 121 rows for Advanced Stats
   ✓ Advanced Stats: 121 records
      Scanning Clutch Traditional table...
      [DEBUG] Found 54 rows for Clutch Traditional
   ✓ Clutch Traditional: 54 records
      Scanning Opponent Stats table...
      [DEBUG] Found 121 rows for Opponent Stats
   ✓ Opponent Stats: 121 records
      Scanning Hustle Stats table...
      [DEBUG] Found 120 rows for Hustle Stats
   ✓ Hustle Stats: 120 records
   📊 Closest Defender (4 distance ranges)...
      Scraping 0-2 Feet - Very Tight...
      Scanning Closest Defender (0-2 Feet - Very Tight) table...
      ⚠️  Pagination Error (Non-Critical): Page.select_option: Timeout 10000ms exceeded.
Call log:
  - waiting for locator(".Pagination_pageDropdown__KgjBU select")
    - locator resolved to <select name="" disabled class="DropDown_select__4pIg9">…</select>
  - attempting select option action
    2 × waiting for element to be visible and enabled
      - element is not enabled
    - retrying select option action
    - waiting 20ms
    2 × waiting for element to be visible and enabled
      - element is not enabled
    - retrying select option action
      - waiting 100ms
    20 × waiting for element to be visible and enabled
       - element is not enabled
     - retrying select option action
       - waiting 500ms

      [DEBUG] Found 44 rows for Closest Defender (0-2 Feet - Very Tight)
      Scraping 2-4 Feet - Tight...
      Scanning Closest Defender (2-4 Feet - Tight) table...
      [DEBUG] Found 104 rows for Closest Defender (2-4 Feet - Tight)
      Scraping 4-6 Feet - Open...
      Scanning Closest Defender (4-6 Feet - Open) table...
      [DEBUG] Found 92 rows for Closest Defender (4-6 Feet - Open)
      Scraping 6+ Feet - Wide Open...
      Scanning Closest Defender (6+ Feet - Wide Open) table...
      [DEBUG] Found 97 rows for Closest Defender (6+ Feet - Wide Open)
   ✓ Closest Defender: 119 records

[2026-01-25] Processing...
      Scanning Drives table...
      [DEBUG] Found 52 rows for Drives
   ✓ Drives: 52 records
      Scanning Catch & Shoot table...
      [DEBUG] Found 139 rows for Catch & Shoot
   ✓ Catch & Shoot: 139 records
      Scanning Pull Up Shooting table...
      [DEBUG] Found 139 rows for Pull Up Shooting
   ✓ Pull Up Shooting: 139 records
      Scanning Speed & Distance table...
      [DEBUG] Found 52 rows for Speed & Distance
   ✓ Speed & Distance: 52 records
      Scanning Advanced Stats table...
      [DEBUG] Found 139 rows for Advanced Stats
   ✓ Advanced Stats: 139 records
      Scanning Clutch Traditional table...
      ⚠️  Pagination Error (Non-Critical): Page.select_option: Timeout 10000ms exceeded.
Call log:
  - waiting for locator(".Pagination_pageDropdown__KgjBU select")
    - locator resolved to <select name="" disabled class="DropDown_select__4pIg9">…</select>
  - attempting select option action
    2 × waiting for element to be visible and enabled
      - element is not enabled
    - retrying select option action
    - waiting 20ms
    2 × waiting for element to be visible and enabled
      - element is not enabled
    - retrying select option action
      - waiting 100ms
    20 × waiting for element to be visible and enabled
       - element is not enabled
     - retrying select option action
       - waiting 500ms

      [DEBUG] Found 25 rows for Clutch Traditional
   ✓ Clutch Traditional: 25 records
      Scanning Opponent Stats table...
      [DEBUG] Found 139 rows for Opponent Stats
   ✓ Opponent Stats: 139 records
      Scanning Hustle Stats table...
      [DEBUG] Found 131 rows for Hustle Stats
   ✓ Hustle Stats: 131 records
   📊 Closest Defender (4 distance ranges)...
      Scraping 0-2 Feet - Very Tight...
      Scanning Closest Defender (0-2 Feet - Very Tight) table...
      ⚠️  Pagination Error (Non-Critical): Page.select_option: Timeout 10000ms exceeded.
Call log:
  - waiting for locator(".Pagination_pageDropdown__KgjBU select")
    - locator resolved to <select name="" disabled class="DropDown_select__4pIg9">…</select>
  - attempting select option action
    2 × waiting for element to be visible and enabled
      - element is not enabled
    - retrying select option action
    - waiting 20ms
    2 × waiting for element to be visible and enabled
      - element is not enabled
    - retrying select option action
      - waiting 100ms
    20 × waiting for element to be visible and enabled
       - element is not enabled
     - retrying select option action
       - waiting 500ms

      [DEBUG] Found 19 rows for Closest Defender (0-2 Feet - Very Tight)
      Scraping 2-4 Feet - Tight...
      Scanning Closest Defender (2-4 Feet - Tight) table...
      ⚠️  Pagination Error (Non-Critical): Page.select_option: Timeout 10000ms exceeded.
Call log:
  - waiting for locator(".Pagination_pageDropdown__KgjBU select")
    - locator resolved to <select name="" disabled class="DropDown_select__4pIg9">…</select>
  - attempting select option action
    2 × waiting for element to be visible and enabled
      - element is not enabled
    - retrying select option action
    - waiting 20ms
    2 × waiting for element to be visible and enabled
      - element is not enabled
    - retrying select option action
      - waiting 100ms
    20 × waiting for element to be visible and enabled
       - element is not enabled
     - retrying select option action
       - waiting 500ms

      [DEBUG] Found 41 rows for Closest Defender (2-4 Feet - Tight)
      Scraping 4-6 Feet - Open...
      Scanning Closest Defender (4-6 Feet - Open) table...
      ⚠️  Pagination Error (Non-Critical): Page.select_option: Timeout 10000ms exceeded.
Call log:
  - waiting for locator(".Pagination_pageDropdown__KgjBU select")
    - locator resolved to <select name="" disabled class="DropDown_select__4pIg9">…</select>
  - attempting select option action
    2 × waiting for element to be visible and enabled
      - element is not enabled
    - retrying select option action
    - waiting 20ms
    2 × waiting for element to be visible and enabled
      - element is not enabled
    - retrying select option action
      - waiting 100ms
    20 × waiting for element to be visible and enabled
       - element is not enabled
     - retrying select option action
       - waiting 500ms

      [DEBUG] Found 31 rows for Closest Defender (4-6 Feet - Open)
      Scraping 6+ Feet - Wide Open...
      Scanning Closest Defender (6+ Feet - Wide Open) table...
      ⚠️  Pagination Error (Non-Critical): Page.select_option: Timeout 10000ms exceeded.
Call log:
  - waiting for locator(".Pagination_pageDropdown__KgjBU select")
    - locator resolved to <select name="" disabled class="DropDown_select__4pIg9">…</select>
  - attempting select option action
    2 × waiting for element to be visible and enabled
      - element is not enabled
    - retrying select option action
    - waiting 20ms
    2 × waiting for element to be visible and enabled
      - element is not enabled
    - retrying select option action
      - waiting 100ms
    20 × waiting for element to be visible and enabled
       - element is not enabled
     - retrying select option action
       - waiting 500ms

      [DEBUG] Found 38 rows for Closest Defender (6+ Feet - Wide Open)
   ✓ Closest Defender: 46 records

[2026-01-26] Processing...
      Scanning Drives table...
      [DEBUG] Found 155 rows for Drives
   ✓ Drives: 155 records
      Scanning Catch & Shoot table...
      [DEBUG] Found 155 rows for Catch & Shoot
   ✓ Catch & Shoot: 155 records
      Scanning Pull Up Shooting table...
      [DEBUG] Found 155 rows for Pull Up Shooting
   ✓ Pull Up Shooting: 155 records
      Scanning Speed & Distance table...
      [DEBUG] Found 155 rows for Speed & Distance
   ✓ Speed & Distance: 155 records
      Scanning Advanced Stats table...
      [DEBUG] Found 155 rows for Advanced Stats
   ✓ Advanced Stats: 155 records
      Scanning Clutch Traditional table...
      ⚠️  Pagination Error (Non-Critical): Page.select_option: Timeout 10000ms exceeded.
Call log:
  - waiting for locator(".Pagination_pageDropdown__KgjBU select")
    - locator resolved to <select name="" disabled class="DropDown_select__4pIg9">…</select>
  - attempting select option action
    2 × waiting for element to be visible and enabled
      - element is not enabled
    - retrying select option action
    - waiting 20ms
    2 × waiting for element to be visible and enabled
      - element is not enabled
    - retrying select option action
      - waiting 100ms
    20 × waiting for element to be visible and enabled
       - element is not enabled
     - retrying select option action
       - waiting 500ms

      [DEBUG] Found 10 rows for Clutch Traditional
   ✓ Clutch Traditional: 10 records
      Scanning Opponent Stats table...
      [DEBUG] Found 155 rows for Opponent Stats
   ✓ Opponent Stats: 155 records
      Scanning Hustle Stats table...
      [DEBUG] Found 143 rows for Hustle Stats
   ✓ Hustle Stats: 143 records
   📊 Closest Defender (4 distance ranges)...
      Scraping 0-2 Feet - Very Tight...
      Scanning Closest Defender (0-2 Feet - Very Tight) table...
      [DEBUG] Found 58 rows for Closest Defender (0-2 Feet - Very Tight)
      Scraping 2-4 Feet - Tight...
      Scanning Closest Defender (2-4 Feet - Tight) table...
      [DEBUG] Found 123 rows for Closest Defender (2-4 Feet - Tight)
      Scraping 4-6 Feet - Open...
      Scanning Closest Defender (4-6 Feet - Open) table...
      [DEBUG] Found 116 rows for Closest Defender (4-6 Feet - Open)
      Scraping 6+ Feet - Wide Open...
      Scanning Closest Defender (6+ Feet - Wide Open) table...
      [DEBUG] Found 112 rows for Closest Defender (6+ Feet - Wide Open)
   ✓ Closest Defender: 143 records

[2026-01-27] Processing...
      Scanning Drives table...
      [DEBUG] Found 146 rows for Drives
   ✓ Drives: 146 records
      Scanning Catch & Shoot table...
      [DEBUG] Found 146 rows for Catch & Shoot
   ✓ Catch & Shoot: 146 records
      Scanning Pull Up Shooting table...
      [DEBUG] Found 146 rows for Pull Up Shooting
   ✓ Pull Up Shooting: 146 records
      Scanning Speed & Distance table...
      [DEBUG] Found 146 rows for Speed & Distance
   ✓ Speed & Distance: 146 records
      Scanning Advanced Stats table...
      [DEBUG] Found 146 rows for Advanced Stats
   ✓ Advanced Stats: 146 records
      Scanning Clutch Traditional table...
      [DEBUG] Found 62 rows for Clutch Traditional
   ✓ Clutch Traditional: 62 records
      Scanning Opponent Stats table...
      [DEBUG] Found 146 rows for Opponent Stats
   ✓ Opponent Stats: 146 records
      Scanning Hustle Stats table...
      [DEBUG] Found 142 rows for Hustle Stats
   ✓ Hustle Stats: 142 records
   📊 Closest Defender (4 distance ranges)...
      Scraping 0-2 Feet - Very Tight...
      Scanning Closest Defender (0-2 Feet - Very Tight) table...
      [DEBUG] Found 68 rows for Closest Defender (0-2 Feet - Very Tight)
      Scraping 2-4 Feet - Tight...
      Scanning Closest Defender (2-4 Feet - Tight) table...
      [DEBUG] Found 119 rows for Closest Defender (2-4 Feet - Tight)
      Scraping 4-6 Feet - Open...
      Scanning Closest Defender (4-6 Feet - Open) table...
      [DEBUG] Found 108 rows for Closest Defender (4-6 Feet - Open)
      Scraping 6+ Feet - Wide Open...
      Scanning Closest Defender (6+ Feet - Wide Open) table...
      [DEBUG] Found 104 rows for Closest Defender (6+ Feet - Wide Open)
   ✓ Closest Defender: 137 records

[2026-01-28] Processing...
      Scanning Drives table...
      ⏳ Retry 1/3: Table not found, waiting...
      ⏳ Retry 2/3: Table not found, waiting...
      ⚠️  Table not found (or no games this day).
   ✓ Drives: 0 records
      Scanning Catch & Shoot table...
      [DEBUG] Found 203 rows for Catch & Shoot
   ✓ Catch & Shoot: 203 records
      Scanning Pull Up Shooting table...
      [DEBUG] Found 203 rows for Pull Up Shooting
   ✓ Pull Up Shooting: 203 records
      Scanning Speed & Distance table...
      [DEBUG] Found 203 rows for Speed & Distance
   ✓ Speed & Distance: 203 records
      Scanning Advanced Stats table...
      [DEBUG] Found 203 rows for Advanced Stats
   ✓ Advanced Stats: 203 records
      Scanning Clutch Traditional table...
      ⚠️  Pagination Error (Non-Critical): Page.select_option: Timeout 10000ms exceeded.
Call log:
  - waiting for locator(".Pagination_pageDropdown__KgjBU select")
    - locator resolved to <select name="" disabled class="DropDown_select__4pIg9">…</select>
  - attempting select option action
    2 × waiting for element to be visible and enabled
      - element is not enabled
    - retrying select option action
    - waiting 20ms
    2 × waiting for element to be visible and enabled
      - element is not enabled
    - retrying select option action
      - waiting 100ms
    20 × waiting for element to be visible and enabled
       - element is not enabled
     - retrying select option action
       - waiting 500ms

      [DEBUG] Found 23 rows for Clutch Traditional
   ✓ Clutch Traditional: 23 records
      Scanning Opponent Stats table...
      [DEBUG] Found 203 rows for Opponent Stats
   ✓ Opponent Stats: 203 records
      Scanning Hustle Stats table...
      [DEBUG] Found 189 rows for Hustle Stats
   ✓ Hustle Stats: 189 records
   📊 Closest Defender (4 distance ranges)...
      Scraping 0-2 Feet - Very Tight...
      Scanning Closest Defender (0-2 Feet - Very Tight) table...
      [DEBUG] Found 87 rows for Closest Defender (0-2 Feet - Very Tight)
      Scraping 2-4 Feet - Tight...
      Scanning Closest Defender (2-4 Feet - Tight) table...
      [DEBUG] Found 160 rows for Closest Defender (2-4 Feet - Tight)
      Scraping 4-6 Feet - Open...
      Scanning Closest Defender (4-6 Feet - Open) table...
      [DEBUG] Found 147 rows for Closest Defender (4-6 Feet - Open)
      Scraping 6+ Feet - Wide Open...
      Scanning Closest Defender (6+ Feet - Wide Open) table...
      [DEBUG] Found 156 rows for Closest Defender (6+ Feet - Wide Open)
   ✓ Closest Defender: 185 records

✅ Ghost Protocol Complete.
