[LUDI-CORE] Database Firewall: ID '28908812047' (Darius Brown II) is dirty and could not be resolved.
[LUDI-CORE] Database Firewall: ID '94494906527' (Grant Nelson) is dirty and could not be resolved.
[LUDI-CORE] Database Firewall: ID '94494906527' (Grant Nelson) is dirty and could not be resolved.
[LUDI-CORE] Database Firewall: ID '94494906527' (Grant Nelson) is dirty and could not be resolved.
[LUDI-CORE] Database Firewall: ID '94684235527' (Norchad Omier) is dirty and could not be resolved.
[LUDI-CORE] Database Firewall: ID '941647485539' (Julian Reese) is dirty and could not be resolved.
[LUDI-CORE] Database Firewall: ID '941647485539' (Julian Reese) is dirty and could not be resolved.
[LUDI-CORE] Database Firewall: ID '946047615539' (John Poulakidas) is dirty and could not be resolved.
[LUDI-CORE] Database Firewall: ID '949540391869' (Gregory Jackson) is dirty and could not be resolved.
[LUDI-CORE] Database Firewall: ID '949540391869' (Gregory Jackson) is dirty and could not be resolved.
[LUDI-CORE] Database Firewall: ID '949540391869' (Gregory Jackson) is dirty and could not be resolved.
[LUDI-CORE] Database Firewall: ID '949540391869' (Gregory Jackson) is dirty and could not be resolved.
[LUDI-CORE] Database Firewall: ID '949540391869' (Gregory Jackson) is dirty and could not be resolved.
[LUDI-CORE] Database Firewall: ID '28908812047' (Darius Brown II) is dirty and could not be resolved.
[LUDI-CORE] Database Firewall: ID '94494906527' (Grant Nelson) is dirty and could not be resolved.
[LUDI-CORE] Database Firewall: ID '94494906527' (Grant Nelson) is dirty and could not be resolved.
[LUDI-CORE] Database Firewall: ID '94494906527' (Grant Nelson) is dirty and could not be resolved.
[LUDI-CORE] Database Firewall: ID '94684235527' (Norchad Omier) is dirty and could not be resolved.
[LUDI-CORE] Database Firewall: ID '941647485539' (Julian Reese) is dirty and could not be resolved.
[LUDI-CORE] Database Firewall: ID '941647485539' (Julian Reese) is dirty and could not be resolved.
[LUDI-CORE] Database Firewall: ID '946047615539' (John Poulakidas) is dirty and could not be resolved.
[LUDI-CORE] Database Firewall: ID '949540391869' (Gregory Jackson) is dirty and could not be resolved.
[LUDI-CORE] Database Firewall: ID '949540391869' (Gregory Jackson) is dirty and could not be resolved.
[LUDI-CORE] Database Firewall: ID '949540391869' (Gregory Jackson) is dirty and could not be resolved.
[LUDI-CORE] Database Firewall: ID '949540391869' (Gregory Jackson) is dirty and could not be resolved.
[LUDI-CORE] Database Firewall: ID '949540391869' (Gregory Jackson) is dirty and could not be resolved.
[LUDI-CORE] Database Firewall: ID '28908812047' (Darius Brown II) is dirty and could not be resolved.
[LUDI-CORE] Database Firewall: ID '94494906527' (Grant Nelson) is dirty and could not be resolved.
[LUDI-CORE] Database Firewall: ID '94494906527' (Grant Nelson) is dirty and could not be resolved.
[LUDI-CORE] Database Firewall: ID '94494906527' (Grant Nelson) is dirty and could not be resolved.
[LUDI-CORE] Database Firewall: ID '94684235527' (Norchad Omier) is dirty and could not be resolved.
[LUDI-CORE] Database Firewall: ID '941647485539' (Julian Reese) is dirty and could not be resolved.
[LUDI-CORE] Database Firewall: ID '941647485539' (Julian Reese) is dirty and could not be resolved.
[LUDI-CORE] Database Firewall: ID '946047615539' (John Poulakidas) is dirty and could not be resolved.
[LUDI-CORE] Database Firewall: ID '949540391869' (Gregory Jackson) is dirty and could not be resolved.
[LUDI-CORE] Database Firewall: ID '949540391869' (Gregory Jackson) is dirty and could not be resolved.
[LUDI-CORE] Database Firewall: ID '949540391869' (Gregory Jackson) is dirty and could not be resolved.
[LUDI-CORE] Database Firewall: ID '949540391869' (Gregory Jackson) is dirty and could not be resolved.
[LUDI-CORE] Database Firewall: ID '949540391869' (Gregory Jackson) is dirty and could not be resolved.
[LUDI-CORE] Database Firewall: ID '28908812047' (Darius Brown II) is dirty and could not be resolved.
[LUDI-CORE] Database Firewall: ID '94494906527' (Grant Nelson) is dirty and could not be resolved.
[LUDI-CORE] Database Firewall: ID '94494906527' (Grant Nelson) is dirty and could not be resolved.
[LUDI-CORE] Database Firewall: ID '94494906527' (Grant Nelson) is dirty and could not be resolved.
[LUDI-CORE] Database Firewall: ID '94684235527' (Norchad Omier) is dirty and could not be resolved.
[LUDI-CORE] Database Firewall: ID '941647485539' (Julian Reese) is dirty and could not be resolved.
[LUDI-CORE] Database Firewall: ID '941647485539' (Julian Reese) is dirty and could not be resolved.
[LUDI-CORE] Database Firewall: ID '946047615539' (John Poulakidas) is dirty and could not be resolved.
[LUDI-CORE] Database Firewall: ID '949540391869' (Gregory Jackson) is dirty and could not be resolved.
[LUDI-CORE] Database Firewall: ID '949540391869' (Gregory Jackson) is dirty and could not be resolved.
[LUDI-CORE] Database Firewall: ID '949540391869' (Gregory Jackson) is dirty and could not be resolved.
[LUDI-CORE] Database Firewall: ID '949540391869' (Gregory Jackson) is dirty and could not be resolved.
[LUDI-CORE] Database Firewall: ID '949540391869' (Gregory Jackson) is dirty and could not be resolved.
[LUDI-CORE] Database Firewall: ID '28908812047' (Darius Brown II) is dirty and could not be resolved.
[LUDI-CORE] Database Firewall: ID '94494906527' (Grant Nelson) is dirty and could not be resolved.
[LUDI-CORE] Database Firewall: ID '94494906527' (Grant Nelson) is dirty and could not be resolved.
[LUDI-CORE] Database Firewall: ID '94494906527' (Grant Nelson) is dirty and could not be resolved.
[LUDI-CORE] Database Firewall: ID '94684235527' (Norchad Omier) is dirty and could not be resolved.
[LUDI-CORE] Database Firewall: ID '941647485539' (Julian Reese) is dirty and could not be resolved.
[LUDI-CORE] Database Firewall: ID '941647485539' (Julian Reese) is dirty and could not be resolved.
[LUDI-CORE] Database Firewall: ID '946047615539' (John Poulakidas) is dirty and could not be resolved.
[LUDI-CORE] Database Firewall: ID '949540391869' (Gregory Jackson) is dirty and could not be resolved.
[LUDI-CORE] Database Firewall: ID '949540391869' (Gregory Jackson) is dirty and could not be resolved.
[LUDI-CORE] Database Firewall: ID '949540391869' (Gregory Jackson) is dirty and could not be resolved.
[LUDI-CORE] Database Firewall: ID '949540391869' (Gregory Jackson) is dirty and could not be resolved.
[LUDI-CORE] Database Firewall: ID '949540391869' (Gregory Jackson) is dirty and could not be resolved.
[LUDI-CORE] Database Firewall: ID '28908812047' (Darius Brown II) is dirty and could not be resolved.
[LUDI-CORE] Database Firewall: ID '94494906527' (Grant Nelson) is dirty and could not be resolved.
[LUDI-CORE] Database Firewall: ID '94494906527' (Grant Nelson) is dirty and could not be resolved.
[LUDI-CORE] Database Firewall: ID '94494906527' (Grant Nelson) is dirty and could not be resolved.
[LUDI-CORE] Database Firewall: ID '94684235527' (Norchad Omier) is dirty and could not be resolved.
[LUDI-CORE] Database Firewall: ID '941647485539' (Julian Reese) is dirty and could not be resolved.
[LUDI-CORE] Database Firewall: ID '941647485539' (Julian Reese) is dirty and could not be resolved.
[LUDI-CORE] Database Firewall: ID '946047615539' (John Poulakidas) is dirty and could not be resolved.
[LUDI-CORE] Database Firewall: ID '949540391869' (Gregory Jackson) is dirty and could not be resolved.
[LUDI-CORE] Database Firewall: ID '949540391869' (Gregory Jackson) is dirty and could not be resolved.
[LUDI-CORE] Database Firewall: ID '949540391869' (Gregory Jackson) is dirty and could not be resolved.
[LUDI-CORE] Database Firewall: ID '949540391869' (Gregory Jackson) is dirty and could not be resolved.
[LUDI-CORE] Database Firewall: ID '949540391869' (Gregory Jackson) is dirty and could not be resolved.
[LUDI-CORE] Database Firewall: ID '28908812047' (Darius Brown II) is dirty and could not be resolved.
[LUDI-CORE] Database Firewall: ID '94494906527' (Grant Nelson) is dirty and could not be resolved.
[LUDI-CORE] Database Firewall: ID '94494906527' (Grant Nelson) is dirty and could not be resolved.
[LUDI-CORE] Database Firewall: ID '94494906527' (Grant Nelson) is dirty and could not be resolved.
[LUDI-CORE] Database Firewall: ID '94684235527' (Norchad Omier) is dirty and could not be resolved.
[LUDI-CORE] Database Firewall: ID '941647485539' (Julian Reese) is dirty and could not be resolved.
[LUDI-CORE] Database Firewall: ID '941647485539' (Julian Reese) is dirty and could not be resolved.
[LUDI-CORE] Database Firewall: ID '946047615539' (John Poulakidas) is dirty and could not be resolved.
[LUDI-CORE] Database Firewall: ID '949540391869' (Gregory Jackson) is dirty and could not be resolved.
[LUDI-CORE] Database Firewall: ID '949540391869' (Gregory Jackson) is dirty and could not be resolved.
[LUDI-CORE] Database Firewall: ID '949540391869' (Gregory Jackson) is dirty and could not be resolved.
[LUDI-CORE] Database Firewall: ID '949540391869' (Gregory Jackson) is dirty and could not be resolved.
[LUDI-CORE] Database Firewall: ID '949540391869' (Gregory Jackson) is dirty and could not be resolved.
[LUDI-CORE] Database Firewall: ID '949540391869' (Gregory Jackson) is dirty and could not be resolved.
[LUDI-CORE] Database Firewall: ID '28908812047' (Darius Brown II) is dirty and could not be resolved.
[LUDI-CORE] Database Firewall: ID '94494906527' (Grant Nelson) is dirty and could not be resolved.
[LUDI-CORE] Database Firewall: ID '94684235527' (Norchad Omier) is dirty and could not be resolved.
[LUDI-CORE] Database Firewall: ID '941647485539' (Julian Reese) is dirty and could not be resolved.
[LUDI-CORE] Database Firewall: ID '946047615539' (John Poulakidas) is dirty and could not be resolved.
[telegram_notifier] WARNING: Solomon credentials not configured — send_solomon_message() will return False silently

==================================================
   LUDI INFORMATIO | SYSTEM INITIALIZATION
   Architecture: Modules A-H (Production v2.0)
==================================================
========================================
LUDI INFORMATIO: MODULE A (GATEKEEPER) ONLINE
   >>> PIPELINE: V9.4 (4-TIER LINE SHOPPING)
   >>> TIERS: NC_LEGAL | SHARP | DFS | SOCIAL
========================================

========================================
LUDI INFORMATIO: MODULE G (ZEBRAS) V3.0 ONLINE
========================================
   [ZEBRAS] 🔍 Checking today's games in database...
   [ZEBRAS] ✅ Today's games already exist
   [ZEBRAS] 📊 Database: 111 referees loaded

========================================
LUDI INFORMATIO: MODULE H (HISTORIAN) ONLINE
========================================
   🛡️ API Budget: 200 requests
[TAG] Context: duplicate column name: pull_up_fga
[TAG] Context: duplicate column name: pull_up_fgm
[TAG] Context: duplicate column name: pull_up_fg_pct
[TAG] Context: duplicate column name: pull_up_3pa
[TAG] Context: duplicate column name: pull_up_3pm
[TAG] Context: duplicate column name: pull_up_3p_pct
[TAG] Context: duplicate column name: pull_up_efg_pct
[TAG] Context: duplicate column name: dist_miles_off
[TAG] Context: duplicate column name: dist_miles_def
[TAG] Context: duplicate column name: avg_speed_off
[TAG] Context: duplicate column name: avg_speed_def
[TAG] Context: duplicate column name: catch_shoot_3pa
[TAG] Context: duplicate column name: catch_shoot_3pm
[TAG] Context: duplicate column name: catch_shoot_3p_pct
[TAG] Context: duplicate column name: catch_shoot_efg_pct
[TAG] Context: duplicate column name: season_id
[TAG] Context: duplicate column name: is_active
[TAG] Context: duplicate column name: roster_updated_at
[TAG] Context: duplicate column name: current_injury_status
[TAG] Context: duplicate column name: injury_updated_at
[TAG] Context: duplicate column name: injury_return_date
[TAG] Context: duplicate column name: days_out_current
[TAG] Context: duplicate column name: games_on_current_team
[MIGRATION] player_game_logs.started: duplicate column name: started
[MIGRATION] player_game_logs.fantasy_pts_dk: duplicate column name: fantasy_pts_dk
[MIGRATION] player_game_logs.fantasy_pts_fd: duplicate column name: fantasy_pts_fd
[MIGRATION] player_game_logs.home_or_away: duplicate column name: home_or_away
[MIGRATION] player_game_logs.double_doubles: duplicate column name: double_doubles
[MIGRATION] player_game_logs.triple_doubles: duplicate column name: triple_doubles
[MIGRATION] player_game_advanced.points_paint: duplicate column name: points_paint
[MIGRATION] player_game_advanced.points_fast_break: duplicate column name: points_fast_break
[MIGRATION] player_game_advanced.points_second_chance: duplicate column name: points_second_chance
[MIGRATION] player_game_advanced.points_off_turnovers: duplicate column name: points_off_turnovers
[MIGRATION] player_game_advanced.estimated_off_rating: duplicate column name: estimated_off_rating
[MIGRATION] player_game_advanced.estimated_def_rating: duplicate column name: estimated_def_rating
[MIGRATION] player_game_advanced.estimated_net_rating: duplicate column name: estimated_net_rating
[MIGRATION] player_game_advanced.pct_pts_paint: duplicate column name: pct_pts_paint
[MIGRATION] player_game_advanced.pct_pts_fast_break: duplicate column name: pct_pts_fast_break
[MIGRATION] player_game_advanced.pct_pts_free_throw: duplicate column name: pct_pts_free_throw
[MIGRATION] player_game_advanced.pct_pts_midrange_2pt: duplicate column name: pct_pts_midrange_2pt
[MIGRATION] player_game_advanced.bdl_source: duplicate column name: bdl_source
[MIGRATION] player_game_tracking.speed: duplicate column name: speed
[MIGRATION] player_game_tracking.distance: duplicate column name: distance
[MIGRATION] player_game_tracking.touches: duplicate column name: touches
[MIGRATION] player_game_tracking.passes: duplicate column name: passes
[MIGRATION] player_game_tracking.bdl_source: duplicate column name: bdl_source
[MIGRATION] player_game_hustle.bdl_source: duplicate column name: bdl_source
[TAG] Context: duplicate column name: pull_up_fga
[TAG] Context: duplicate column name: pull_up_fgm
[TAG] Context: duplicate column name: pull_up_fg_pct
[TAG] Context: duplicate column name: pull_up_3pa
[TAG] Context: duplicate column name: pull_up_3pm
[TAG] Context: duplicate column name: pull_up_3p_pct
[TAG] Context: duplicate column name: pull_up_efg_pct
[TAG] Context: duplicate column name: dist_miles_off
[TAG] Context: duplicate column name: dist_miles_def
[TAG] Context: duplicate column name: avg_speed_off
[TAG] Context: duplicate column name: avg_speed_def
[TAG] Context: duplicate column name: catch_shoot_3pa
[TAG] Context: duplicate column name: catch_shoot_3pm
[TAG] Context: duplicate column name: catch_shoot_3p_pct
[TAG] Context: duplicate column name: catch_shoot_efg_pct
[TAG] Context: duplicate column name: season_id
[TAG] Context: duplicate column name: is_active
[TAG] Context: duplicate column name: roster_updated_at
[TAG] Context: duplicate column name: current_injury_status
[TAG] Context: duplicate column name: injury_updated_at
[TAG] Context: duplicate column name: injury_return_date
[TAG] Context: duplicate column name: days_out_current
[TAG] Context: duplicate column name: games_on_current_team
[MIGRATION] player_game_logs.started: duplicate column name: started
[MIGRATION] player_game_logs.fantasy_pts_dk: duplicate column name: fantasy_pts_dk
[MIGRATION] player_game_logs.fantasy_pts_fd: duplicate column name: fantasy_pts_fd
[MIGRATION] player_game_logs.home_or_away: duplicate column name: home_or_away
[MIGRATION] player_game_logs.double_doubles: duplicate column name: double_doubles
[MIGRATION] player_game_logs.triple_doubles: duplicate column name: triple_doubles
[MIGRATION] player_game_advanced.points_paint: duplicate column name: points_paint
[MIGRATION] player_game_advanced.points_fast_break: duplicate column name: points_fast_break
[MIGRATION] player_game_advanced.points_second_chance: duplicate column name: points_second_chance
[MIGRATION] player_game_advanced.points_off_turnovers: duplicate column name: points_off_turnovers
[MIGRATION] player_game_advanced.estimated_off_rating: duplicate column name: estimated_off_rating
[MIGRATION] player_game_advanced.estimated_def_rating: duplicate column name: estimated_def_rating
[MIGRATION] player_game_advanced.estimated_net_rating: duplicate column name: estimated_net_rating
[MIGRATION] player_game_advanced.pct_pts_paint: duplicate column name: pct_pts_paint
[MIGRATION] player_game_advanced.pct_pts_fast_break: duplicate column name: pct_pts_fast_break
[MIGRATION] player_game_advanced.pct_pts_free_throw: duplicate column name: pct_pts_free_throw
[MIGRATION] player_game_advanced.pct_pts_midrange_2pt: duplicate column name: pct_pts_midrange_2pt
[MIGRATION] player_game_advanced.bdl_source: duplicate column name: bdl_source
[MIGRATION] player_game_tracking.speed: duplicate column name: speed
[MIGRATION] player_game_tracking.distance: duplicate column name: distance
[MIGRATION] player_game_tracking.touches: duplicate column name: touches
[MIGRATION] player_game_tracking.passes: duplicate column name: passes
[MIGRATION] player_game_tracking.bdl_source: duplicate column name: bdl_source
[MIGRATION] player_game_hustle.bdl_source: duplicate column name: bdl_source
   >>> Trends cache loaded: 5256 rows
   >>> Game values cache loaded: 3773 stat-player combinations
   ⚠️ Vs-scheme cache load failed: No item with that key
   >>> Name map loaded: 504 players

========================================
LUDI INFORMATIO: MODULE C (ORACLE V4.0) LIVE
   >>> Hybrid Engine: Normal (High-Vol) + Poisson (Rare)
   >>> Sim Count: 10000
   >>> Season: 2025-26
========================================
   >>> Shot quality data loaded: 500 players
   >>> Rolling TS% data loaded: 490 players
   >>> Drives context data loaded: 508 players
   >>> Team defense data loaded: 30 teams
   >>> Foul splits loaded: 466 players
   >>> Rotation profiles loaded: 471 players
   >>> Season baselines loaded: 538 players
   >>> Injury return detection: 208 players recently returned

========================================
LUDI INFORMATIO: MODULE D (YAK V3.5) ONLINE
   >>> 15-MIN SYNC | PROBABLE & AVAILABLE ACTIVE
========================================

========================================
LUDI INFORMATIO: MODULE E (CALIBRATOR V7.0) ONLINE
   >>> SECONDARY PLAYTYPE SYSTEM ACTIVE
========================================
[Module E] DB clutch fallback loaded: 30 teams
[Module E] Speed/fatigue data loaded: 341 players
[Module E] Touches data loaded: 559 players
[Module E] Leverage profiles loaded: 30 teams
[Module E] Player leverage usage loaded: 440 players
   [CAL] Synergy cache: 416 players loaded
   [CAL] Tracking cache: 492 players loaded (last 15 games)
   [CAL] TypeProfiles cache: 551 players loaded
   [CAL] DVP by archetype: 251 team-archetype combos loaded
   [CAL] ArchVsDef matrix: 72 matchup combos loaded
   [CAL] B2B splits: 264 players with actual data
   [CAL] Shot quality bulk load: 500 players
[Module E] Offensive styles loaded from cache: 21 teams

========================================
LUDI INFORMATIO: MODULE F (V5.3) ONLINE
   >>> DETERMINISTIC REPORTING | NO SPECULATION
   >>> BET LOGGING ENABLED
========================================
✅ BetLogger initialized (DB: ludi.db, Logs: logs/bets)
✅ Bet logger connected
✅ TagClassifier initialized with synced defensive schemes
✅ Tag classifier connected
✅ Stat confidence cache: 21 entries (20 with live calibration)

========================================
LUDI INFORMATIO: MODULE G (ZEBRAS) V3.0 ONLINE
========================================
   [ZEBRAS] 🔍 Checking today's games in database...
   [ZEBRAS] ✅ Today's games already exist
   [ZEBRAS] 📊 Database: 111 referees loaded

========================================
LUDI INFORMATIO: MODULE X (SCENARIO V3.9) ONLINE
   >>> DYNAMIC ROSTERS | LIVE SCHEMA ACTIVE
========================================
   [ZEBRAS] ✅ Loaded 6 ref crew(s) from crosswalk (skip scrape)

==================================================
   >>> STARTING DAILY SIMULATION CYCLE <<<
   Mode: Production v2.0
==================================================
[DAILY_LOCK] No config file found, running in LIVE mode (all games)
[1] 📡 Fetching Slate & Live Odds...
   [ZEBRAS] ✅ Loaded 6 ref crew(s) from crosswalk (skip scrape)
      📊 ODDS_API: 11385 credits remaining
   ✅ Found 7 Games.
   ✅ Team totals enriched: 12 values across 6 games
   ----------------------------------------
   === 2026-03-04 (TONIGHT) ===
   🏀 Oklahoma City Thunder @ New York Knicks
      > Time: 07:10 PM ET | Line: 4.0 | Total: 221.5 | Pace: 1.059x | Whistle: 1.009x (100% conf)
   🏀 Charlotte Hornets @ Boston Celtics
      > Time: 07:40 PM ET | Line: -6.5 | Total: 215.0 | Pace: 1.056x | Whistle: 0.971x (100% conf)
   🏀 Utah Jazz @ Philadelphia 76ers
      > Time: 07:40 PM ET | Line: -8.0 | Total: 238.0 | Pace: 1.071x | Whistle: 1.081x (100% conf)
   🏀 Portland Trail Blazers @ Memphis Grizzlies
      > Time: 08:10 PM ET | Line: 10.5 | Total: 233.5 | Pace: 1.05x | Whistle: 0.997x (100% conf)
   🏀 Atlanta Hawks @ Milwaukee Bucks
      > Time: 09:40 PM ET | Line: -1.0 | Total: 232.0 | Pace: 1.054x | Whistle: 0.941x (100% conf)
   🏀 Indiana Pacers @ Los Angeles Clippers
      > Time: 10:40 PM ET | Line: -12.5 | Total: 227.5 | Pace: 1.066x | Whistle: 1.019x (100% conf)
   ----------------------------------------
[3] 📡 Fetching Prop Targets (Limit: 6)...
      📊 ODDS_API: 11328 credits remaining
      ↳ Found Books: ['FanDuel', 'Novig', 'DraftKings', 'Fliff', 'BetOnline.ag', 'Caesars', 'Fanatics', 'BetMGM', 'BetRivers', 'Bally Bet', 'betPARX', 'Hard Rock Bet', 'theScore Bet', 'ProphetX', 'PrizePicks', 'Pinnacle', 'Bovada', 'Betr DFS', 'BetOpenly', 'DraftKings Pick6', 'Underdog']
         [DEBUG] FanDuel Markets: ['player_assists', 'player_blocks', 'player_double_double', 'player_points', 'player_points_rebounds_assists', 'player_rebounds', 'player_steals', 'player_threes', 'player_triple_double']
      > [BDL] Cross-referencing with BallDontLie...
      📊 TANK01: 999 credits remaining
[Module A] Tank01 props loaded: 83 players (6 games), 0 name cross-walk entries
      ✅ [BDL] Retrieved 1418 props
   [BDL] Building player ID cache (one-time)...
   [BDL] Player cache built: 528 players
      [BDL] Accepting single-vendor line for OG Anunoby assists: 2.5 (Tank01 validated or no T01 data)
      [BDL] Accepting single-vendor line for OG Anunoby blocks: 0.5 (Tank01 validated or no T01 data)
      [BDL] Accepting single-vendor line for Mikal Bridges blocks: 0.5 (Tank01 validated or no T01 data)
      [BDL] Accepting single-vendor line for Shai Gilgeous-Alexander blocks: 0.5 (Tank01 validated or no T01 data)
      [BDL] Accepting single-vendor line for Luguentz Dort blocks: 0.5 (Tank01 validated or no T01 data)
      [BDL] Accepting single-vendor line for Isaiah Hartenstein blocks: 0.5 (Tank01 validated or no T01 data)
      [BDL] Accepting single-vendor line for Jalen Brunson blocks: 0.5 (Tank01 validated or no T01 data)
      [BDL] Accepting single-vendor line for Cason Wallace blocks: 0.5 (Tank01 validated or no T01 data)
      [BDL] Accepting single-vendor line for Josh Hart blocks: 0.5 (Tank01 validated or no T01 data)
      [BDL] Accepting single-vendor line for Karl-Anthony Towns blocks: 0.5 (Tank01 validated or no T01 data)
      [BDL] Accepting single-vendor line for Chet Holmgren blocks: 1.5 (Tank01 validated or no T01 data)
      [BDL] Accepting single-vendor line for OG Anunoby pa: 16.5 (Tank01 validated or no T01 data)
      [BDL] Accepting single-vendor line for Shai Gilgeous-Alexander pa: 36.5 (Tank01 validated or no T01 data)
      [BDL] Accepting single-vendor line for Luguentz Dort pa: 9.5 (Tank01 validated or no T01 data)
      [BDL] Accepting single-vendor line for Cason Wallace pa: 12.5 (Tank01 validated or no T01 data)
      [BDL] Accepting single-vendor line for Karl-Anthony Towns pa: 20.5 (Tank01 validated or no T01 data)
      [BDL] Accepting single-vendor line for Chet Holmgren pa: 17.5 (Tank01 validated or no T01 data)
      [BDL] Accepting single-vendor line for OG Anunoby pr: 19.5 (Tank01 validated or no T01 data)
      [BDL] Accepting single-vendor line for Shai Gilgeous-Alexander pr: 34.5 (Tank01 validated or no T01 data)
      [BDL] Accepting single-vendor line for Luguentz Dort pr: 11.5 (Tank01 validated or no T01 data)
      [BDL] Accepting single-vendor line for Karl-Anthony Towns pr: 30.5 (Tank01 validated or no T01 data)
      [BDL] Accepting single-vendor line for Landry Shamet pra: 11.5 (Tank01 validated or no T01 data)
      [BDL] Accepting single-vendor line for Luguentz Dort pra: 12.5 (Tank01 validated or no T01 data)
      [BDL] Accepting single-vendor line for Jose Alvarado pra: 11.5 (Tank01 validated or no T01 data)
      [BDL] Accepting single-vendor line for Shai Gilgeous-Alexander pra: 40.5 (Tank01 validated or no T01 data)
      [BDL] Accepting single-vendor line for Jared McCain pra: 12.5 (Tank01 validated or no T01 data)
      [BDL] Accepting single-vendor line for Isaiah Joe pra: 13.5 (Tank01 validated or no T01 data)
      [BDL] Accepting single-vendor line for Alex Caruso pra: 10.5 (Tank01 validated or no T01 data)
      [BDL] Accepting single-vendor line for Landry Shamet rebounds: 1.5 (Tank01 validated or no T01 data)
      [BDL] Accepting single-vendor line for Jose Alvarado rebounds: 1.5 (Tank01 validated or no T01 data)
      [BDL] Accepting single-vendor line for Luguentz Dort ra: 4.5 (Tank01 validated or no T01 data)
      [BDL] Accepting single-vendor line for Karl-Anthony Towns ra: 14.5 (Tank01 validated or no T01 data)
      [BDL] Accepting single-vendor line for Chet Holmgren ra: 9.5 (Tank01 validated or no T01 data)
      [BDL] Accepting single-vendor line for Cason Wallace ra: 5.5 (Tank01 validated or no T01 data)
      [BDL] Accepting single-vendor line for OG Anunoby ra: 7.5 (Tank01 validated or no T01 data)
      [BDL] Accepting single-vendor line for Landry Shamet assists: 1.5 (Tank01 validated or no T01 data)
      [BDL] Accepting single-vendor line for Jared McCain assists: 1.5 (Tank01 validated or no T01 data)
      [BDL] Accepting single-vendor line for Cason Wallace steals: 1.5 (Tank01 validated or no T01 data)
      [BDL] Accepting single-vendor line for OG Anunoby steals: 1.5 (Tank01 validated or no T01 data)
      [BDL] Accepting single-vendor line for Mikal Bridges steals: 1.5 (Tank01 validated or no T01 data)
      [BDL] Accepting single-vendor line for Shai Gilgeous-Alexander steals: 1.5 (Tank01 validated or no T01 data)
      [BDL] Accepting single-vendor line for Alex Caruso steals: 1.5 (Tank01 validated or no T01 data)
      [BDL] Accepting single-vendor line for Trey Alexander pra: 41.5 (Tank01 validated or no T01 data)
      [BDL] Accepting single-vendor line for Alex Caruso pr: 8.5 (Tank01 validated or no T01 data)
      [BDL] Accepting single-vendor line for Isaiah Joe pr: 12.5 (Tank01 validated or no T01 data)
   > Oklahoma City Thunder @ New York Knicks... ✅ Targets Acquired.
      📊 ODDS_API: 11283 credits remaining
      ↳ Found Books: ['FanDuel', 'Novig', 'DraftKings', 'Caesars', 'BetOnline.ag', 'BetMGM', 'Fliff', 'Hard Rock Bet', 'Fanatics', 'PrizePicks', 'theScore Bet', 'BetRivers', 'Bally Bet', 'betPARX', 'BetOpenly', 'Pinnacle', 'Bovada', 'Betr DFS', 'Underdog', 'DraftKings Pick6', 'ProphetX']
      > [BDL] Cross-referencing with BallDontLie...
      ✅ [BDL] Retrieved 1410 props
      [BDL] Accepting single-vendor line for Baylor Scheierman assists: 1.5 (Tank01 validated or no T01 data)
      [BDL] Accepting single-vendor line for Neemias Queta assists: 1.5 (Tank01 validated or no T01 data)
      [BDL] Accepting single-vendor line for Sam Hauser assists: 1.5 (Tank01 validated or no T01 data)
      [BDL] Accepting single-vendor line for Moussa Diabate assists: 1.5 (Tank01 validated or no T01 data)
      [BDL] Accepting single-vendor line for Jaylen Brown blocks: 0.5 (Tank01 validated or no T01 data)
      [BDL] Accepting single-vendor line for LaMelo Ball blocks: 0.5 (Tank01 validated or no T01 data)
      [BDL] Accepting single-vendor line for Baylor Scheierman blocks: 0.5 (Tank01 validated or no T01 data)
      [BDL] Accepting single-vendor line for Neemias Queta blocks: 0.5 (Tank01 validated or no T01 data)
      [BDL] Accepting single-vendor line for Brandon Miller blocks: 0.5 (Tank01 validated or no T01 data)
      [BDL] Accepting single-vendor line for Sam Hauser blocks: 0.5 (Tank01 validated or no T01 data)
      [BDL] Accepting single-vendor line for Moussa Diabate blocks: 0.5 (Tank01 validated or no T01 data)
      [BDL] Accepting single-vendor line for Miles Bridges blocks: 0.5 (Tank01 validated or no T01 data)
      [BDL] Accepting single-vendor line for Kon Knueppel blocks: 0.5 (Tank01 validated or no T01 data)
      [BDL] Accepting single-vendor line for Ryan Kalkbrenner points: 4.5 (Tank01 validated or no T01 data)
      [BDL] Accepting single-vendor line for Baylor Scheierman pa: 9.5 (Tank01 validated or no T01 data)
      [BDL] Accepting single-vendor line for Neemias Queta pa: 10.5 (Tank01 validated or no T01 data)
      [BDL] Accepting single-vendor line for Sam Hauser pa: 11.5 (Tank01 validated or no T01 data)
      [BDL] Accepting single-vendor line for Kon Knueppel pa: 20.5 (Tank01 validated or no T01 data)
      [BDL] Accepting single-vendor line for Moussa Diabate pa: 8.5 (Tank01 validated or no T01 data)
      [BDL] Accepting single-vendor line for Miles Bridges pa: 17.5 (Tank01 validated or no T01 data)
      [BDL] Accepting single-vendor line for Baylor Scheierman pr: 11.5 (Tank01 validated or no T01 data)
      [BDL] Accepting single-vendor line for Neemias Queta pr: 16.5 (Tank01 validated or no T01 data)
      [BDL] Accepting single-vendor line for LaMelo Ball pra: 28.5 (Tank01 validated or no T01 data)
      [BDL] Accepting single-vendor line for Baylor Scheierman pra: 13.5 (Tank01 validated or no T01 data)
      [BDL] Accepting single-vendor line for Neemias Queta pra: 18.5 (Tank01 validated or no T01 data)
      [BDL] Accepting single-vendor line for Payton Pritchard pra: 25.5 (Tank01 validated or no T01 data)
      [BDL] Accepting single-vendor line for Moussa Diabate pra: 17.5 (Tank01 validated or no T01 data)
      [BDL] Accepting single-vendor line for Coby White pra: 16.5 (Tank01 validated or no T01 data)
      [BDL] Accepting single-vendor line for Ryan Kalkbrenner pra: 9.5 (Tank01 validated or no T01 data)
      [BDL] Accepting single-vendor line for Miles Bridges pra: 23.5 (Tank01 validated or no T01 data)
      [BDL] Accepting single-vendor line for Baylor Scheierman ra: 6.5 (Tank01 validated or no T01 data)
      [BDL] Accepting single-vendor line for Neemias Queta ra: 9.5 (Tank01 validated or no T01 data)
      [BDL] Accepting single-vendor line for Moussa Diabate ra: 10.5 (Tank01 validated or no T01 data)
      [BDL] Accepting single-vendor line for Sam Hauser ra: 5.5 (Tank01 validated or no T01 data)
      [BDL] Accepting single-vendor line for Derrick White steals: 1.5 (Tank01 validated or no T01 data)
      [BDL] Accepting single-vendor line for LaMelo Ball steals: 1.5 (Tank01 validated or no T01 data)
      [BDL] Accepting single-vendor line for Coby White assists: 2.5 (Tank01 validated or no T01 data)
      [BDL] Accepting single-vendor line for Nikola Vucevic pr: 17.5 (Tank01 validated or no T01 data)
      [BDL] Accepting single-vendor line for Payton Pritchard pa: 22.5 (Tank01 validated or no T01 data)
      [BDL] Accepting single-vendor line for Payton Pritchard ra: 8.5 (Tank01 validated or no T01 data)
      [BDL] Accepting single-vendor line for Payton Pritchard pr: 20.5 (Tank01 validated or no T01 data)
   > Charlotte Hornets @ Boston Celtics... ✅ Targets Acquired.
      📊 ODDS_API: 11238 credits remaining
      ↳ Found Books: ['FanDuel', 'Novig', 'Fanatics', 'Fliff', 'Hard Rock Bet', 'DraftKings', 'Caesars', 'BetOnline.ag', 'BetMGM', 'theScore Bet', 'Pinnacle', 'Bovada', 'betPARX', 'Bally Bet', 'BetRivers', 'Underdog', 'Betr DFS', 'PrizePicks', 'DraftKings Pick6', 'ProphetX', 'BetOpenly']
      > [BDL] Cross-referencing with BallDontLie...
      ✅ [BDL] Retrieved 1007 props
      [BDL] Accepting single-vendor line for Andre Drummond assists: 1.5 (Tank01 validated or no T01 data)
      [BDL] Accepting single-vendor line for Dominick Barlow assists: 0.5 (Tank01 validated or no T01 data)
      [BDL] Accepting single-vendor line for Airious Bailey assists: 1.5 (Tank01 validated or no T01 data)
      [BDL] Accepting single-vendor line for Andre Drummond blocks: 0.5 (Tank01 validated or no T01 data)
      [BDL] Accepting single-vendor line for Kyle Filipowski blocks: 0.5 (Tank01 validated or no T01 data)
      [BDL] Accepting single-vendor line for Tyrese Maxey blocks: 0.5 (Tank01 validated or no T01 data)
      [BDL] Accepting single-vendor line for Keyonte George blocks: 0.5 (Tank01 validated or no T01 data)
      [BDL] Accepting single-vendor line for Dominick Barlow blocks: 0.5 (Tank01 validated or no T01 data)
      [BDL] Accepting single-vendor line for Airious Bailey blocks: 0.5 (Tank01 validated or no T01 data)
      [BDL] Accepting single-vendor line for Quentin Grimes blocks: 0.5 (Tank01 validated or no T01 data)
      [BDL] Accepting single-vendor line for Cameron Payne points: 8.5 (Tank01 validated or no T01 data)
      [BDL] Accepting single-vendor line for Andre Drummond pa: 10.5 (Tank01 validated or no T01 data)
      [BDL] Accepting single-vendor line for Keyonte George pa: 25.5 (Tank01 validated or no T01 data)
      [BDL] Accepting single-vendor line for Dominick Barlow pa: 11.5 (Tank01 validated or no T01 data)
      [BDL] Accepting single-vendor line for Airious Bailey pa: 17.5 (Tank01 validated or no T01 data)
      [BDL] Accepting single-vendor line for Kyle Filipowski pr: 22.5 (Tank01 validated or no T01 data)
      [BDL] Accepting single-vendor line for Tyrese Maxey pr: 36.5 (Tank01 validated or no T01 data)
      [BDL] Accepting single-vendor line for Keyonte George pr: 23.5 (Tank01 validated or no T01 data)
      [BDL] Accepting single-vendor line for Airious Bailey pr: 20.5 (Tank01 validated or no T01 data)
      [BDL] Accepting single-vendor line for Andre Drummond pr: 19.5 (Tank01 validated or no T01 data)
      [BDL] Accepting single-vendor line for Quentin Grimes pr: 22.5 (Tank01 validated or no T01 data)
      [BDL] Accepting single-vendor line for Dominick Barlow pra: 16.5 (Tank01 validated or no T01 data)
      [BDL] Accepting single-vendor line for Airious Bailey pra: 22.5 (Tank01 validated or no T01 data)
      [BDL] Accepting single-vendor line for Brice Sensabaugh pra: 20.5 (Tank01 validated or no T01 data)
      [BDL] Accepting single-vendor line for Keyonte George pra: 28.5 (Tank01 validated or no T01 data)
      [BDL] Accepting single-vendor line for Andre Drummond pra: 20.5 (Tank01 validated or no T01 data)
      [BDL] Accepting single-vendor line for Tyrese Maxey pra: 43.5 (Tank01 validated or no T01 data)
      [BDL] Accepting single-vendor line for Cameron Payne pra: 14.5 (Tank01 validated or no T01 data)
      [BDL] Accepting single-vendor line for Cameron Payne rebounds: 1.5 (Tank01 validated or no T01 data)
      [BDL] Accepting single-vendor line for Dominick Barlow ra: 5.5 (Tank01 validated or no T01 data)
      [BDL] Accepting single-vendor line for Airious Bailey ra: 6.5 (Tank01 validated or no T01 data)
      [BDL] Accepting single-vendor line for Quentin Grimes ra: 8.5 (Tank01 validated or no T01 data)
      [BDL] Accepting single-vendor line for Andre Drummond ra: 11.5 (Tank01 validated or no T01 data)
      [BDL] Accepting single-vendor line for Tyrese Maxey steals: 1.5 (Tank01 validated or no T01 data)
      [BDL] Accepting single-vendor line for Isaiah Collier ra: 9.5 (Tank01 validated or no T01 data)
      [BDL] Accepting single-vendor line for Isaiah Collier pa: 20.5 (Tank01 validated or no T01 data)
      [BDL] Accepting single-vendor line for Isaiah Collier pr: 15.5 (Tank01 validated or no T01 data)
      [BDL] Accepting single-vendor line for Brice Sensabaugh pr: 18.5 (Tank01 validated or no T01 data)
   > Utah Jazz @ Philadelphia 76ers... ✅ Targets Acquired.
      📊 ODDS_API: 11193 credits remaining
      ↳ Found Books: ['FanDuel', 'Fanatics', 'DraftKings', 'Caesars', 'Hard Rock Bet', 'theScore Bet', 'BetOnline.ag', 'Novig', 'Bovada', 'Pinnacle', 'Bally Bet', 'betPARX', 'BetRivers', 'Fliff', 'Underdog', 'Betr DFS', 'PrizePicks', 'BetMGM', 'DraftKings Pick6', 'ProphetX', 'BetOpenly']
      > [BDL] Cross-referencing with BallDontLie...
      ✅ [BDL] Retrieved 1207 props
      [BDL] Accepting single-vendor line for Jerami Grant assists: 1.5 (Tank01 validated or no T01 data)
      [BDL] Accepting single-vendor line for Donovan Clingan assists: 2.5 (Tank01 validated or no T01 data)
      [BDL] Accepting single-vendor line for Toumani Camara assists: 2.5 (Tank01 validated or no T01 data)
      [BDL] Accepting single-vendor line for Jaylen Wells assists: 1.5 (Tank01 validated or no T01 data)
      [BDL] Accepting single-vendor line for GG Jackson assists: 1.5 (Tank01 validated or no T01 data)
      [BDL] Accepting single-vendor line for Jerami Grant blocks: 0.5 (Tank01 validated or no T01 data)
      [BDL] Accepting single-vendor line for Deni Avdija blocks: 0.5 (Tank01 validated or no T01 data)
      [BDL] Accepting single-vendor line for Jrue Holiday blocks: 0.5 (Tank01 validated or no T01 data)
      [BDL] Accepting single-vendor line for Toumani Camara blocks: 0.5 (Tank01 validated or no T01 data)
      [BDL] Accepting single-vendor line for Jaylen Wells blocks: 0.5 (Tank01 validated or no T01 data)
      [BDL] Accepting single-vendor line for GG Jackson blocks: 1.5 (Tank01 validated or no T01 data)
      [BDL] Accepting single-vendor line for Walter Clayton Jr. blocks: 0.5 (Tank01 validated or no T01 data)
      [BDL] Accepting single-vendor line for Cam Spencer blocks: 0.5 (Tank01 validated or no T01 data)
      [BDL] Accepting single-vendor line for Donovan Clingan pa: 16.5 (Tank01 validated or no T01 data)
      [BDL] Accepting single-vendor line for Jrue Holiday pa: 23.5 (Tank01 validated or no T01 data)
      [BDL] Accepting single-vendor line for Toumani Camara pa: 15.5 (Tank01 validated or no T01 data)
      [BDL] Accepting single-vendor line for GG Jackson pa: 16.5 (Tank01 validated or no T01 data)
      [BDL] Accepting single-vendor line for Jaylen Wells pa: 16.5 (Tank01 validated or no T01 data)
      [BDL] Accepting single-vendor line for Jrue Holiday pr: 22.5 (Tank01 validated or no T01 data)
      [BDL] Accepting single-vendor line for GG Jackson pr: 20.5 (Tank01 validated or no T01 data)
      [BDL] Accepting single-vendor line for Walter Clayton Jr. pr: 16.5 (Tank01 validated or no T01 data)
      [BDL] Accepting single-vendor line for Cam Spencer pr: 16.5 (Tank01 validated or no T01 data)
      [BDL] Accepting single-vendor line for Jaylen Wells pr: 17.5 (Tank01 validated or no T01 data)
      [BDL] Accepting single-vendor line for Jerami Grant pra: 25.5 (Tank01 validated or no T01 data)
      [BDL] Accepting single-vendor line for Robert Williams III pra: 14.5 (Tank01 validated or no T01 data)
      [BDL] Accepting single-vendor line for Toumani Camara pra: 21.5 (Tank01 validated or no T01 data)
      [BDL] Accepting single-vendor line for Donovan Clingan pra: 30.5 (Tank01 validated or no T01 data)
      [BDL] Accepting single-vendor line for GG Jackson pra: 22.5 (Tank01 validated or no T01 data)
      [BDL] Accepting single-vendor line for Scoot Henderson pra: 22.5 (Tank01 validated or no T01 data)
      [BDL] Accepting single-vendor line for Jaylen Wells pra: 19.5 (Tank01 validated or no T01 data)
      [BDL] Accepting single-vendor line for Walter Clayton Jr. pra: 22.5 (Tank01 validated or no T01 data)
      [BDL] Accepting single-vendor line for Cam Spencer pra: 21.5 (Tank01 validated or no T01 data)
      [BDL] Accepting single-vendor line for Taylor Hendricks pra: 18.5 (Tank01 validated or no T01 data)
      [BDL] Accepting single-vendor line for Jerami Grant ra: 5.5 (Tank01 validated or no T01 data)
      [BDL] Accepting single-vendor line for Donovan Clingan ra: 16.5 (Tank01 validated or no T01 data)
      [BDL] Accepting single-vendor line for Jaylen Wells ra: 4.5 (Tank01 validated or no T01 data)
      [BDL] Accepting single-vendor line for Toumani Camara ra: 7.5 (Tank01 validated or no T01 data)
      [BDL] Accepting single-vendor line for GG Jackson ra: 7.5 (Tank01 validated or no T01 data)
      [BDL] Accepting single-vendor line for Cam Spencer ra: 8.5 (Tank01 validated or no T01 data)
      [BDL] Accepting single-vendor line for Jrue Holiday steals: 1.5 (Tank01 validated or no T01 data)
      [BDL] Accepting single-vendor line for Robert Williams III blocks: 1.5 (Tank01 validated or no T01 data)
      [BDL] Accepting single-vendor line for Toumani Camara steals: 1.5 (Tank01 validated or no T01 data)
      [BDL] Accepting single-vendor line for Robert Williams III pr: 13.5 (Tank01 validated or no T01 data)
      [BDL] Accepting single-vendor line for Taylor Hendricks pr: 17.5 (Tank01 validated or no T01 data)
      [BDL] Accepting single-vendor line for Scoot Henderson pa: 18.5 (Tank01 validated or no T01 data)
   > Portland Trail Blazers @ Memphis Grizzlies... ✅ Targets Acquired.
      📊 ODDS_API: 11148 credits remaining
      ↳ Found Books: ['FanDuel', 'Novig', 'PrizePicks', 'DraftKings', 'BetOnline.ag', 'Caesars', 'BetMGM', 'Fliff', 'Underdog', 'Hard Rock Bet', 'theScore Bet', 'Betr DFS', 'BetRivers', 'betPARX', 'Bally Bet', 'Fanatics', 'BetOpenly', 'Pinnacle', 'Bovada', 'DraftKings Pick6', 'ProphetX']
      > [BDL] Cross-referencing with BallDontLie...
      ✅ [BDL] Retrieved 1399 props
      [BDL] Accepting single-vendor line for Ousmane Dieng assists: 2.5 (Tank01 validated or no T01 data)
      [BDL] Accepting single-vendor line for Jalen Johnson blocks: 0.5 (Tank01 validated or no T01 data)
      [BDL] Accepting single-vendor line for Dyson Daniels blocks: 0.5 (Tank01 validated or no T01 data)
      [BDL] Accepting single-vendor line for CJ McCollum blocks: 0.5 (Tank01 validated or no T01 data)
      [BDL] Accepting single-vendor line for Nickeil Alexander-Walker blocks: 0.5 (Tank01 validated or no T01 data)
      [BDL] Accepting single-vendor line for A.J. Green blocks: 0.5 (Tank01 validated or no T01 data)
      [BDL] Accepting single-vendor line for Onyeka Okongwu blocks: 0.5 (Tank01 validated or no T01 data)
      [BDL] Accepting single-vendor line for Giannis Antetokounmpo blocks: 0.5 (Tank01 validated or no T01 data)
      [BDL] Accepting single-vendor line for Ousmane Dieng blocks: 0.5 (Tank01 validated or no T01 data)
      [BDL] Accepting single-vendor line for Ryan Rollins blocks: 0.5 (Tank01 validated or no T01 data)
      [BDL] Accepting single-vendor line for Myles Turner pa: 11.5 (Tank01 validated or no T01 data)
      [BDL] Accepting single-vendor line for A.J. Green pa: 11.5 (Tank01 validated or no T01 data)
      [BDL] Accepting single-vendor line for Ousmane Dieng pa: 12.5 (Tank01 validated or no T01 data)
      [BDL] Accepting single-vendor line for Jalen Johnson pa: 29.5 (Tank01 validated or no T01 data)
      [BDL] Accepting single-vendor line for Giannis Antetokounmpo pr: 36.5 (Tank01 validated or no T01 data)
      [BDL] Accepting single-vendor line for Ousmane Dieng pr: 12.5 (Tank01 validated or no T01 data)
      [BDL] Accepting single-vendor line for Dyson Daniels pr: 16.5 (Tank01 validated or no T01 data)
      [BDL] Accepting single-vendor line for Nickeil Alexander-Walker pr: 20.5 (Tank01 validated or no T01 data)
      [BDL] Accepting single-vendor line for Jalen Johnson pr: 32.5 (Tank01 validated or no T01 data)
      [BDL] Accepting single-vendor line for Onyeka Okongwu pra: 24.5 (Tank01 validated or no T01 data)
      [BDL] Accepting single-vendor line for Nickeil Alexander-Walker pra: 24.5 (Tank01 validated or no T01 data)
      [BDL] Accepting single-vendor line for A.J. Green pra: 14.5 (Tank01 validated or no T01 data)
      [BDL] Accepting single-vendor line for Jonathan Kuminga pra: 21.5 (Tank01 validated or no T01 data)
      [BDL] Accepting single-vendor line for Dyson Daniels pra: 22.5 (Tank01 validated or no T01 data)
      [BDL] Accepting single-vendor line for Jock Landale pra: 14.5 (Tank01 validated or no T01 data)
      [BDL] Accepting single-vendor line for Giannis Antetokounmpo pra: 42.5 (Tank01 validated or no T01 data)
      [BDL] Accepting single-vendor line for Bobby Portis pra: 20.5 (Tank01 validated or no T01 data)
      [BDL] Accepting single-vendor line for Myles Turner pra: 17.5 (Tank01 validated or no T01 data)
      [BDL] Accepting single-vendor line for Ousmane Dieng pra: 15.5 (Tank01 validated or no T01 data)
      [BDL] Accepting single-vendor line for Zaccharie Risacher pra: 12.5 (Tank01 validated or no T01 data)
      [BDL] Accepting single-vendor line for Jalen Johnson pra: 39.5 (Tank01 validated or no T01 data)
      [BDL] Accepting single-vendor line for Zaccharie Risacher rebounds: 3.5 (Tank01 validated or no T01 data)
      [BDL] Accepting single-vendor line for Myles Turner ra: 6.5 (Tank01 validated or no T01 data)
      [BDL] Accepting single-vendor line for Nickeil Alexander-Walker ra: 6.5 (Tank01 validated or no T01 data)
      [BDL] Accepting single-vendor line for Ousmane Dieng ra: 6.5 (Tank01 validated or no T01 data)
      [BDL] Accepting single-vendor line for A.J. Green ra: 4.5 (Tank01 validated or no T01 data)
      [BDL] Accepting single-vendor line for Zaccharie Risacher threes: 0.5 (Tank01 validated or no T01 data)
      [BDL] Accepting single-vendor line for Jonathan Kuminga threes: 0.5 (Tank01 validated or no T01 data)
      [BDL] Accepting single-vendor line for Jock Landale threes: 0.5 (Tank01 validated or no T01 data)
      [BDL] Accepting single-vendor line for Giannis Antetokounmpo threes: 0.5 (Tank01 validated or no T01 data)
      [BDL] Accepting single-vendor line for Jock Landale assists: 1.5 (Tank01 validated or no T01 data)
      [BDL] Accepting single-vendor line for Nickeil Alexander-Walker steals: 1.5 (Tank01 validated or no T01 data)
      [BDL] Accepting single-vendor line for Jalen Johnson steals: 1.5 (Tank01 validated or no T01 data)
      [BDL] Accepting single-vendor line for Jock Landale pr: 13.5 (Tank01 validated or no T01 data)
      [BDL] Accepting single-vendor line for Jonathan Kuminga pr: 19.5 (Tank01 validated or no T01 data)
      [BDL] Accepting single-vendor line for Bobby Portis pr: 18.5 (Tank01 validated or no T01 data)
   > Atlanta Hawks @ Milwaukee Bucks... ✅ Targets Acquired.
      📊 ODDS_API: 11103 credits remaining
      ↳ Found Books: ['FanDuel', 'Underdog', 'Fanatics', 'Novig', 'Caesars', 'DraftKings', 'PrizePicks', 'Betr DFS', 'Fliff', 'BetOnline.ag', 'theScore Bet', 'Hard Rock Bet', 'Pinnacle', 'Bovada', 'BetRivers', 'betPARX', 'Bally Bet', 'DraftKings Pick6', 'BetMGM', 'ProphetX', 'BetOpenly']
      > [BDL] Cross-referencing with BallDontLie...
      ⚠️ [BDL] Match not found: Indiana Pacers @ Los Angeles Clippers
   > Indiana Pacers @ Los Angeles Clippers... ✅ Targets Acquired.
✅ Props loaded.
   💾 Games cache written: daily_games_2026-03-04.json (6 games)
   ⚠️ Snapshot failed: '<=' not supported between instances of 'NoneType' and 'int'
[step 3] Building Scenarios & Rosters...
   > Processing Oklahoma City Thunder @ New York Knicks...
[INJURY-TIER3] Terry Rozier (MIA) — 30d out, skipped
[INJURY-TIER3] Taurean Prince (MIL) — 26d out, skipped
[INJURY-TIER3] Fred VanVleet (HOU) — 91d out, skipped
[INJURY-TIER3] Zach Collins (CHI) — 213d out, skipped
[INJURY-TIER3] Brandon Clarke (MEM) — 16d out, skipped
[INJURY-TIER3] Tyrese Haliburton (IND) — 213d out, skipped
[INJURY-TIER3] Walker Kessler (UTA) — 213d out, skipped
[INJURY-TIER3] Cam Whitmore (WAS) — 213d out, skipped
[INJURY-TIER3] Dereck Lively II (DAL) — 213d out, skipped
[INJURY-TIER3] Zach Edey (MEM) — 213d out, skipped
[INJURY-TIER3] Noa Essengue (CHI) — 213d out, skipped
[INJURY-TIER3] Jimmy Butler III (GSW) — 274d out, skipped
[INJURY-TIER3] Anthony Davis (WAS) — 30d out, skipped
[INJURY-TIER3] Bradley Beal (LAC) — 213d out, skipped
[INJURY-TIER3] Steven Adams (HOU) — 213d out, skipped
[INJURY-TIER3] Kyrie Irving (DAL) — 213d out, skipped
[INJURY-TIER3] Damian Lillard (POR) — 213d out, skipped
[ROSTER] Tier 2 (recently returned): Alex Caruso (OKC)
[ROSTER] Tier 2 (recently returned): Isaiah Hartenstein (OKC)
[ROSTER] Tier 2 (recently returned): Shai Gilgeous-Alexander (OKC)
[ROSTER] Tier 2 (recently returned): Isaiah Joe (OKC)
[ROSTER] Tier 2 (recently returned): Chet Holmgren (OKC)
[INJURY-TIER3] Terry Rozier (MIA) — 30d out, skipped
[INJURY-TIER3] Taurean Prince (MIL) — 26d out, skipped
[INJURY-TIER3] Fred VanVleet (HOU) — 91d out, skipped
[INJURY-TIER3] Zach Collins (CHI) — 213d out, skipped
[INJURY-TIER3] Brandon Clarke (MEM) — 16d out, skipped
[INJURY-TIER3] Tyrese Haliburton (IND) — 213d out, skipped
[INJURY-TIER3] Walker Kessler (UTA) — 213d out, skipped
[INJURY-TIER3] Cam Whitmore (WAS) — 213d out, skipped
[INJURY-TIER3] Dereck Lively II (DAL) — 213d out, skipped
[INJURY-TIER3] Zach Edey (MEM) — 213d out, skipped
[INJURY-TIER3] Noa Essengue (CHI) — 213d out, skipped
[INJURY-TIER3] Jimmy Butler III (GSW) — 274d out, skipped
[INJURY-TIER3] Anthony Davis (WAS) — 30d out, skipped
[INJURY-TIER3] Bradley Beal (LAC) — 213d out, skipped
[INJURY-TIER3] Steven Adams (HOU) — 213d out, skipped
[INJURY-TIER3] Kyrie Irving (DAL) — 213d out, skipped
[INJURY-TIER3] Damian Lillard (POR) — 213d out, skipped
      📊 TANK01: 998 credits remaining
   [YAK] 📋 Heartbeat: NBA Official Feed Synced (Tank01).
      ↳ Generated 1 scenarios
   > Processing Charlotte Hornets @ Boston Celtics...
[ROSTER] Tier 2 (recently returned): Jaylen Brown (BOS)
[ROSTER] Tier 2 (recently returned): Neemias Queta (BOS)
[ROSTER] Tier 2 (recently returned): Baylor Scheierman (BOS)
[INJURY-TIER3] Terry Rozier (MIA) — 30d out, skipped
[INJURY-TIER3] Taurean Prince (MIL) — 26d out, skipped
[INJURY-TIER3] Fred VanVleet (HOU) — 91d out, skipped
[INJURY-TIER3] Zach Collins (CHI) — 213d out, skipped
[INJURY-TIER3] Brandon Clarke (MEM) — 16d out, skipped
[INJURY-TIER3] Tyrese Haliburton (IND) — 213d out, skipped
[INJURY-TIER3] Walker Kessler (UTA) — 213d out, skipped
[INJURY-TIER3] Cam Whitmore (WAS) — 213d out, skipped
[INJURY-TIER3] Dereck Lively II (DAL) — 213d out, skipped
[INJURY-TIER3] Zach Edey (MEM) — 213d out, skipped
[INJURY-TIER3] Noa Essengue (CHI) — 213d out, skipped
[INJURY-TIER3] Jimmy Butler III (GSW) — 274d out, skipped
[INJURY-TIER3] Anthony Davis (WAS) — 30d out, skipped
[INJURY-TIER3] Bradley Beal (LAC) — 213d out, skipped/Users/flyprice/actions-runner/_work/Ludi-Bot/Ludi-Bot/module_d.py:678: RuntimeWarning: This package (`duckduckgo_search`) has been renamed to `ddgs`! Use `pip install ddgs` instead.
  results = DDGS().text(query, max_results=3, timelimit="w")
[LUDI-CORE] response: https://www.bing.com/search?q=Jonathan+Kuminga+ATL+coach+quotes+injury+twitter&filters=ex1%3A%22ez2%22 200
/Users/flyprice/actions-runner/_work/Ludi-Bot/Ludi-Bot/module_d.py:678: RuntimeWarning: This package (`duckduckgo_search`) has been renamed to `ddgs`! Use `pip install ddgs` instead.
  results = DDGS().text(query, max_results=3, timelimit="w")
[LUDI-CORE] response: https://www.bing.com/search?q=Jonathan+Kuminga+ATL+beat+writer+update&filters=ex1%3A%22ez2%22 200
/Users/flyprice/actions-runner/_work/Ludi-Bot/Ludi-Bot/module_d.py:678: RuntimeWarning: This package (`duckduckgo_search`) has been renamed to `ddgs`! Use `pip install ddgs` instead.
  results = DDGS().text(query, max_results=3, timelimit="w")
[LUDI-CORE] response: https://www.bing.com/search?q=Jonathan+Kuminga+ATL+coach+quotes+injury+twitter&filters=ex1%3A%22ez2%22 200
/Users/flyprice/actions-runner/_work/Ludi-Bot/Ludi-Bot/module_d.py:678: RuntimeWarning: This package (`duckduckgo_search`) has been renamed to `ddgs`! Use `pip install ddgs` instead.
  results = DDGS().text(query, max_results=3, timelimit="w")
[LUDI-CORE] response: https://www.bing.com/search?q=Jonathan+Kuminga+ATL+beat+writer+update&filters=ex1%3A%22ez2%22 200
/Users/flyprice/actions-runner/_work/Ludi-Bot/Ludi-Bot/module_d.py:678: RuntimeWarning: This package (`duckduckgo_search`) has been renamed to `ddgs`! Use `pip install ddgs` instead.
  results = DDGS().text(query, max_results=3, timelimit="w")
[LUDI-CORE] response: https://www.bing.com/search?q=Andrew+Nembhard+IND+coach+quotes+injury+twitter&filters=ex1%3A%22ez2%22 200
/Users/flyprice/actions-runner/_work/Ludi-Bot/Ludi-Bot/module_d.py:678: RuntimeWarning: This package (`duckduckgo_search`) has been renamed to `ddgs`! Use `pip install ddgs` instead.
  results = DDGS().text(query, max_results=3, timelimit="w")
[LUDI-CORE] response: https://www.bing.com/search?q=Andrew+Nembhard+IND+beat+writer+update&filters=ex1%3A%22ez2%22 200
/Users/flyprice/actions-runner/_work/Ludi-Bot/Ludi-Bot/module_d.py:678: RuntimeWarning: This package (`duckduckgo_search`) has been renamed to `ddgs`! Use `pip install ddgs` instead.
  results = DDGS().text(query, max_results=3, timelimit="w")
[LUDI-CORE] response: https://www.bing.com/search?q=Andrew+Nembhard+IND+coach+quotes+injury+twitter&filters=ex1%3A%22ez2%22 200

[INJURY-TIER3] Steven Adams (HOU) — 213d out, skipped
[INJURY-TIER3] Kyrie Irving (DAL) — 213d out, skipped
[INJURY-TIER3] Damian Lillard (POR) — 213d out, skipped
[ROSTER] Tier 2 (recently returned): Coby White (CHA)
[INJURY-TIER3] Terry Rozier (MIA) — 30d out, skipped
[INJURY-TIER3] Taurean Prince (MIL) — 26d out, skipped
[INJURY-TIER3] Fred VanVleet (HOU) — 91d out, skipped
[INJURY-TIER3] Zach Collins (CHI) — 213d out, skipped
[INJURY-TIER3] Brandon Clarke (MEM) — 16d out, skipped
[INJURY-TIER3] Tyrese Haliburton (IND) — 213d out, skipped
[INJURY-TIER3] Walker Kessler (UTA) — 213d out, skipped
[INJURY-TIER3] Cam Whitmore (WAS) — 213d out, skipped
[INJURY-TIER3] Dereck Lively II (DAL) — 213d out, skipped
[INJURY-TIER3] Zach Edey (MEM) — 213d out, skipped
[INJURY-TIER3] Noa Essengue (CHI) — 213d out, skipped
[INJURY-TIER3] Jimmy Butler III (GSW) — 274d out, skipped
[INJURY-TIER3] Anthony Davis (WAS) — 30d out, skipped
[INJURY-TIER3] Bradley Beal (LAC) — 213d out, skipped
[INJURY-TIER3] Steven Adams (HOU) — 213d out, skipped
[INJURY-TIER3] Kyrie Irving (DAL) — 213d out, skipped
[INJURY-TIER3] Damian Lillard (POR) — 213d out, skipped
      ↳ Generated 1 scenarios
   > Processing Utah Jazz @ Philadelphia 76ers...
[ROSTER] Tier 2 (recently returned): MarJon Beauchamp (PHI)
[INJURY-TIER3] Terry Rozier (MIA) — 30d out, skipped
[INJURY-TIER3] Taurean Prince (MIL) — 26d out, skipped
[INJURY-TIER3] Fred VanVleet (HOU) — 91d out, skipped
[INJURY-TIER3] Zach Collins (CHI) — 213d out, skipped
[INJURY-TIER3] Brandon Clarke (MEM) — 16d out, skipped
[INJURY-TIER3] Tyrese Haliburton (IND) — 213d out, skipped
[INJURY-TIER3] Walker Kessler (UTA) — 213d out, skipped
[INJURY-TIER3] Cam Whitmore (WAS) — 213d out, skipped
[INJURY-TIER3] Dereck Lively II (DAL) — 213d out, skipped
[INJURY-TIER3] Zach Edey (MEM) — 213d out, skipped
[INJURY-TIER3] Noa Essengue (CHI) — 213d out, skipped
[INJURY-TIER3] Jimmy Butler III (GSW) — 274d out, skipped
[INJURY-TIER3] Anthony Davis (WAS) — 30d out, skipped
[INJURY-TIER3] Bradley Beal (LAC) — 213d out, skipped
[INJURY-TIER3] Steven Adams (HOU) — 213d out, skipped
[INJURY-TIER3] Kyrie Irving (DAL) — 213d out, skipped
[INJURY-TIER3] Damian Lillard (POR) — 213d out, skipped
[ROSTER] Tier 2 (recently returned): Keyonte George (UTA)
[ROSTER] Tier 2 (recently returned): Kevin Love (UTA)
[INJURY-TIER3] Terry Rozier (MIA) — 30d out, skipped
[INJURY-TIER3] Taurean Prince (MIL) — 26d out, skipped
[INJURY-TIER3] Fred VanVleet (HOU) — 91d out, skipped
[INJURY-TIER3] Zach Collins (CHI) — 213d out, skipped
[INJURY-TIER3] Brandon Clarke (MEM) — 16d out, skipped
[INJURY-TIER3] Tyrese Haliburton (IND) — 213d out, skipped
[INJURY-TIER3] Walker Kessler (UTA) — 213d out, skipped
[INJURY-TIER3] Cam Whitmore (WAS) — 213d out, skipped
[INJURY-TIER3] Dereck Lively II (DAL) — 213d out, skipped
[INJURY-TIER3] Zach Edey (MEM) — 213d out, skipped
[INJURY-TIER3] Noa Essengue (CHI) — 213d out, skipped
[INJURY-TIER3] Jimmy Butler III (GSW) — 274d out, skipped
[INJURY-TIER3] Anthony Davis (WAS) — 30d out, skipped
[INJURY-TIER3] Bradley Beal (LAC) — 213d out, skipped
[INJURY-TIER3] Steven Adams (HOU) — 213d out, skipped
[INJURY-TIER3] Kyrie Irving (DAL) — 213d out, skipped
[INJURY-TIER3] Damian Lillard (POR) — 213d out, skipped
      ↳ Generated 1 scenarios
   > Processing Portland Trail Blazers @ Memphis Grizzlies...
[ROSTER] Tier 2 (recently returned): Ty Jerome (MEM)
[ROSTER] Tier 2 (recently returned): Cedric Coward (MEM)
[ROSTER] Tier 2 (recently returned): Kyle Anderson (MEM)
[INJURY-TIER3] Terry Rozier (MIA) — 30d out, skipped
[INJURY-TIER3] Taurean Prince (MIL) — 26d out, skipped
[INJURY-TIER3] Fred VanVleet (HOU) — 91d out, skipped
[INJURY-TIER3] Zach Collins (CHI) — 213d out, skipped
[INJURY-TIER3] Brandon Clarke (MEM) — 16d out, skipped
[INJURY-TIER3] Tyrese Haliburton (IND) — 213d out, skipped
[INJURY-TIER3] Walker Kessler (UTA) — 213d out, skipped
[INJURY-TIER3] Cam Whitmore (WAS) — 213d out, skipped
[INJURY-TIER3] Dereck Lively II (DAL) — 213d out, skipped
[INJURY-TIER3] Zach Edey (MEM) — 213d out, skipped
[INJURY-TIER3] Noa Essengue (CHI) — 213d out, skipped
[INJURY-TIER3] Jimmy Butler III (GSW) — 274d out, skipped
[INJURY-TIER3] Anthony Davis (WAS) — 30d out, skipped
[INJURY-TIER3] Bradley Beal (LAC) — 213d out, skipped
[INJURY-TIER3] Steven Adams (HOU) — 213d out, skipped
[INJURY-TIER3] Kyrie Irving (DAL) — 213d out, skipped
[INJURY-TIER3] Damian Lillard (POR) — 213d out, skipped
[ROSTER] Tier 2 (recently returned): Robert Williams III (POR)
[ROSTER] Tier 2 (recently returned): Kris Murray (POR)
[ROSTER] Tier 2 (recently returned): Sidy Cissoko (POR)
[ROSTER] Tier 2 (recently returned): Donovan Clingan (POR)
[ROSTER] Tier 2 (recently returned): Yang Hansen (POR)
[INJURY-TIER3] Terry Rozier (MIA) — 30d out, skipped
[INJURY-TIER3] Taurean Prince (MIL) — 26d out, skipped
[INJURY-TIER3] Fred VanVleet (HOU) — 91d out, skipped
[INJURY-TIER3] Zach Collins (CHI) — 213d out, skipped
[INJURY-TIER3] Brandon Clarke (MEM) — 16d out, skipped
[INJURY-TIER3] Tyrese Haliburton (IND) — 213d out, skipped
[INJURY-TIER3] Walker Kessler (UTA) — 213d out, skipped
[INJURY-TIER3] Cam Whitmore (WAS) — 213d out, skipped
[INJURY-TIER3] Dereck Lively II (DAL) — 213d out, skipped
[INJURY-TIER3] Zach Edey (MEM) — 213d out, skipped
[INJURY-TIER3] Noa Essengue (CHI) — 213d out, skipped
[INJURY-TIER3] Jimmy Butler III (GSW) — 274d out, skipped
[INJURY-TIER3] Anthony Davis (WAS) — 30d out, skipped
[INJURY-TIER3] Bradley Beal (LAC) — 213d out, skipped
[INJURY-TIER3] Steven Adams (HOU) — 213d out, skipped
[INJURY-TIER3] Kyrie Irving (DAL) — 213d out, skipped
[INJURY-TIER3] Damian Lillard (POR) — 213d out, skipped
      ↳ Generated 1 scenarios
   > Processing Atlanta Hawks @ Milwaukee Bucks...
[ROSTER] Tier 2 (recently returned): Giannis Antetokounmpo (MIL)
[ROSTER] Tier 2 (recently returned): Thanasis Antetokounmpo (MIL)
[INJURY-TIER3] Terry Rozier (MIA) — 30d out, skipped
[INJURY-TIER3] Taurean Prince (MIL) — 26d out, skipped
[INJURY-TIER3] Fred VanVleet (HOU) — 91d out, skipped
[INJURY-TIER3] Zach Collins (CHI) — 213d out, skipped
[INJURY-TIER3] Brandon Clarke (MEM) — 16d out, skipped
[INJURY-TIER3] Tyrese Haliburton (IND) — 213d out, skipped
[INJURY-TIER3] Walker Kessler (UTA) — 213d out, skipped
[INJURY-TIER3] Cam Whitmore (WAS) — 213d out, skipped
[INJURY-TIER3] Dereck Lively II (DAL) — 213d out, skipped
[INJURY-TIER3] Zach Edey (MEM) — 213d out, skipped
[INJURY-TIER3] Noa Essengue (CHI) — 213d out, skipped
[INJURY-TIER3] Jimmy Butler III (GSW) — 274d out, skipped
[INJURY-TIER3] Anthony Davis (WAS) — 30d out, skipped
[INJURY-TIER3] Bradley Beal (LAC) — 213d out, skipped
[INJURY-TIER3] Steven Adams (HOU) — 213d out, skipped
[INJURY-TIER3] Kyrie Irving (DAL) — 213d out, skipped
[INJURY-TIER3] Damian Lillard (POR) — 213d out, skipped
[ROSTER] Tier 2 (recently returned): Nickeil Alexander-Walker (ATL)
[ROSTER] Tier 2 (recently returned): Jonathan Kuminga (ATL)
[ROSTER] Tier 2 (recently returned): Jalen Johnson (ATL)
[ROSTER] Tier 2 (recently returned): Zaccharie Risacher (ATL)
[INJURY-TIER3] Terry Rozier (MIA) — 30d out, skipped
[INJURY-TIER3] Taurean Prince (MIL) — 26d out, skipped
[INJURY-TIER3] Fred VanVleet (HOU) — 91d out, skipped
[INJURY-TIER3] Zach Collins (CHI) — 213d out, skipped
[INJURY-TIER3] Brandon Clarke (MEM) — 16d out, skipped
[INJURY-TIER3] Tyrese Haliburton (IND) — 213d out, skipped
[INJURY-TIER3] Walker Kessler (UTA) — 213d out, skipped
[INJURY-TIER3] Cam Whitmore (WAS) — 213d out, skipped
[INJURY-TIER3] Dereck Lively II (DAL) — 213d out, skipped
[INJURY-TIER3] Zach Edey (MEM) — 213d out, skipped
[INJURY-TIER3] Noa Essengue (CHI) — 213d out, skipped
[INJURY-TIER3] Jimmy Butler III (GSW) — 274d out, skipped
[INJURY-TIER3] Anthony Davis (WAS) — 30d out, skipped
[INJURY-TIER3] Bradley Beal (LAC) — 213d out, skipped
[INJURY-TIER3] Steven Adams (HOU) — 213d out, skipped
[INJURY-TIER3] Kyrie Irving (DAL) — 213d out, skipped/Users/flyprice/actions-runner/_work/Ludi-Bot/Ludi-Bot/module_d.py:678: RuntimeWarning: This package (`duckduckgo_search`) has been renamed to `ddgs`! Use `pip install ddgs` instead.
  results = DDGS().text(query, max_results=3, timelimit="w")
[LUDI-CORE] response: https://www.bing.com/search?q=Jonathan+Kuminga+NBA+coach+quotes+injury+twitter&filters=ex1%3A%22ez2%22 200
/Users/flyprice/actions-runner/_work/Ludi-Bot/Ludi-Bot/module_d.py:678: RuntimeWarning: This package (`duckduckgo_search`) has been renamed to `ddgs`! Use `pip install ddgs` instead.
  results = DDGS().text(query, max_results=3, timelimit="w")
[LUDI-CORE] response: https://www.bing.com/search?q=Jonathan+Kuminga+NBA+beat+writer+update&filters=ex1%3A%22ez2%22 200
/Users/flyprice/actions-runner/_work/Ludi-Bot/Ludi-Bot/module_d.py:678: RuntimeWarning: This package (`duckduckgo_search`) has been renamed to `ddgs`! Use `pip install ddgs` instead.
  results = DDGS().text(query, max_results=3, timelimit="w")
[LUDI-CORE] response: https://www.bing.com/search?q=Jonathan+Kuminga+NBA+coach+quotes+injury+twitter&filters=ex1%3A%22ez2%22 200
/Users/flyprice/actions-runner/_work/Ludi-Bot/Ludi-Bot/module_d.py:678: RuntimeWarning: This package (`duckduckgo_search`) has been renamed to `ddgs`! Use `pip install ddgs` instead.
  results = DDGS().text(query, max_results=3, timelimit="w")
[LUDI-CORE] response: https://www.bing.com/search?q=Jonathan+Kuminga+NBA+beat+writer+update&filters=ex1%3A%22ez2%22 200
/Users/flyprice/actions-runner/_work/Ludi-Bot/Ludi-Bot/module_d.py:678: RuntimeWarning: This package (`duckduckgo_search`) has been renamed to `ddgs`! Use `pip install ddgs` instead.
  results = DDGS().text(query, max_results=3, timelimit="w")
[LUDI-CORE] response: https://www.bing.com/search?q=Jonathan+Kuminga+NBA+beat+writer+update&filters=ex1%3A%22ez2%22 200
/Users/flyprice/actions-runner/_work/Ludi-Bot/Ludi-Bot/module_d.py:678: RuntimeWarning: This package (`duckduckgo_search`) has been renamed to `ddgs`! Use `pip install ddgs` instead.
  results = DDGS().text(query, max_results=3, timelimit="w")
[LUDI-CORE] response: https://www.bing.com/search?q=Andrew+Nembhard+NBA+coach+quotes+injury+twitter&filters=ex1%3A%22ez2%22 200
/Users/flyprice/actions-runner/_work/Ludi-Bot/Ludi-Bot/module_d.py:678: RuntimeWarning: This package (`duckduckgo_search`) has been renamed to `ddgs`! Use `pip install ddgs` instead.
  results = DDGS().text(query, max_results=3, timelimit="w")
[LUDI-CORE] response: https://www.bing.com/search?q=Andrew+Nembhard+NBA+beat+writer+update&filters=ex1%3A%22ez2%22 200
/Users/flyprice/actions-runner/_work/Ludi-Bot/Ludi-Bot/module_d.py:678: RuntimeWarning: This package (`duckduckgo_search`) has been renamed to `ddgs`! Use `pip install ddgs` instead.
  results = DDGS().text(query, max_results=3, timelimit="w")
[LUDI-CORE] response: https://www.bing.com/search?q=Andrew+Nembhard+NBA+coach+quotes+injury+twitter&filters=ex1%3A%22ez2%22 200
/Users/flyprice/actions-runner/_work/Ludi-Bot/Ludi-Bot/module_d.py:678: RuntimeWarning: This package (`duckduckgo_search`) has been renamed to `ddgs`! Use `pip install ddgs` instead.
  results = DDGS().text(query, max_results=3, timelimit="w")
[LUDI-CORE] response: https://www.bing.com/search?q=Andrew+Nembhard+NBA+beat+writer+update&filters=ex1%3A%22ez2%22 200
/Users/flyprice/actions-runner/_work/Ludi-Bot/Ludi-Bot/module_d.py:678: RuntimeWarning: This package (`duckduckgo_search`) has been renamed to `ddgs`! Use `pip install ddgs` instead.
  results = DDGS().text(query, max_results=3, timelimit="w")
[LUDI-CORE] response: https://www.bing.com/search?q=Andrew+Nembhard+NBA+coach+quotes+injury+twitter&filters=ex1%3A%22ez2%22 200
/Users/flyprice/actions-runner/_work/Ludi-Bot/Ludi-Bot/module_d.py:678: RuntimeWarning: This package (`duckduckgo_search`) has been renamed to `ddgs`! Use `pip install ddgs` instead.
  results = DDGS().text(query, max_results=3, timelimit="w")
[LUDI-CORE] response: https://www.bing.com/search?q=Andrew+Nembhard+NBA+beat+writer+update&filters=ex1%3A%22ez2%22 200
/Users/flyprice/actions-runner/_work/Ludi-Bot/Ludi-Bot/module_d.py:678: RuntimeWarning: This package (`duckduckgo_search`) has been renamed to `ddgs`! Use `pip install ddgs` instead.
  results = DDGS().text(query, max_results=3, timelimit="w")
[LUDI-CORE] response: https://www.bing.com/search?q=Andrew+Nembhard+NBA+coach+quotes+injury+twitter&filters=ex1%3A%22ez2%22 200
/Users/flyprice/actions-runner/_work/Ludi-Bot/Ludi-Bot/module_d.py:678: RuntimeWarning: This package (`duckduckgo_search`) has been renamed to `ddgs`! Use `pip install ddgs` instead.
  results = DDGS().text(query, max_results=3, timelimit="w")
[LUDI-CORE] response: https://www.bing.com/search?q=Andrew+Nembhard+NBA+beat+writer+update&filters=ex1%3A%22ez2%22 200
/Users/flyprice/actions-runner/_work/Ludi-Bot/Ludi-Bot/module_d.py:678: RuntimeWarning: This package (`duckduckgo_search`) has been renamed to `ddgs`! Use `pip install ddgs` instead.
  results = DDGS().text(query, max_results=3, timelimit="w")
[LUDI-CORE] response: https://www.bing.com/search?q=Andrew+Nembhard+NBA+coach+quotes+injury+twitter&filters=ex1%3A%22ez2%22 200
/Users/flyprice/actions-runner/_work/Ludi-Bot/Ludi-Bot/module_d.py:678: RuntimeWarning: This package (`duckduckgo_search`) has been renamed to `ddgs`! Use `pip install ddgs` instead.
  results = DDGS().text(query, max_results=3, timelimit="w")
[LUDI-CORE] response: https://www.bing.com/search?q=Andrew+Nembhard+NBA+beat+writer+update&filters=ex1%3A%22ez2%22 200
/Users/flyprice/actions-runner/_work/Ludi-Bot/Ludi-Bot/module_d.py:678: RuntimeWarning: This package (`duckduckgo_search`) has been renamed to `ddgs`! Use `pip install ddgs` instead.
  results = DDGS().text(query, max_results=3, timelimit="w")
[LUDI-CORE] response: https://www.bing.com/search?q=Andrew+Nembhard+NBA+coach+quotes+injury+twitter&filters=ex1%3A%22ez2%22 200
/Users/flyprice/actions-runner/_work/Ludi-Bot/Ludi-Bot/module_d.py:678: RuntimeWarning: This package (`duckduckgo_search`) has been renamed to `ddgs`! Use `pip install ddgs` instead.
  results = DDGS().text(query, max_results=3, timelimit="w")
[LUDI-CORE] response: https://www.bing.com/search?q=Andrew+Nembhard+NBA+beat+writer+update&filters=ex1%3A%22ez2%22 200
/Users/flyprice/actions-runner/_work/Ludi-Bot/Ludi-Bot/module_d.py:678: RuntimeWarning: This package (`duckduckgo_search`) has been renamed to `ddgs`! Use `pip install ddgs` instead.
  results = DDGS().text(query, max_results=3, timelimit="w")
[LUDI-CORE] response: https://www.bing.com/search?q=Andrew+Nembhard+NBA+coach+quotes+injury+twitter&filters=ex1%3A%22ez2%22 200
/Users/flyprice/actions-runner/_work/Ludi-Bot/Ludi-Bot/module_d.py:678: RuntimeWarning: This package (`duckduckgo_search`) has been renamed to `ddgs`! Use `pip install ddgs` instead.
  results = DDGS().text(query, max_results=3, timelimit="w")
[LUDI-CORE] response: https://www.bing.com/search?q=Andrew+Nembhard+NBA+beat+writer+update&filters=ex1%3A%22ez2%22 200

[INJURY-TIER3] Damian Lillard (POR) — 213d out, skipped
[Perplexity] HTTP 401: {"error":{"message":"Invalid API key provided. You can find your API key at https://www.perplexity.ai/settings/api.","type":"invalid_api_key","code":401}}

[Perplexity] HTTP 401: {"error":{"message":"Invalid API key provided. You can find your API key at https://www.perplexity.ai/settings/api.","type":"invalid_api_key","code":401}}

[Perplexity] HTTP 401: {"error":{"message":"Invalid API key provided. You can find your API key at https://www.perplexity.ai/settings/api.","type":"invalid_api_key","code":401}}

[Perplexity] HTTP 401: {"error":{"message":"Invalid API key provided. You can find your API key at https://www.perplexity.ai/settings/api.","type":"invalid_api_key","code":401}}

[Module X] TIER 0A wowy_observed for Jonathan Kuminga: ['Nickeil Alexander-Walker', 'Mouhamed Gueye', 'Onyeka Okongwu']
[Module X] TIER 0A wowy_observed for Jonathan Kuminga: ['Nickeil Alexander-Walker', 'Mouhamed Gueye', 'Onyeka Okongwu']
      ↳ Generated 3 scenarios
   > Processing Indiana Pacers @ Los Angeles Clippers...
[ROSTER] Tier 2 (recently returned): Kris Dunn (LAC)
[ROSTER] Tier 2 (recently returned): Darius Garland (LAC)
[ROSTER] Tier 2 (recently returned): Kawhi Leonard (LAC)
[INJURY-TIER3] Terry Rozier (MIA) — 30d out, skipped
[INJURY-TIER3] Taurean Prince (MIL) — 26d out, skipped
[INJURY-TIER3] Fred VanVleet (HOU) — 91d out, skipped
[INJURY-TIER3] Zach Collins (CHI) — 213d out, skipped
[INJURY-TIER3] Brandon Clarke (MEM) — 16d out, skipped
[INJURY-TIER3] Tyrese Haliburton (IND) — 213d out, skipped
[INJURY-TIER3] Walker Kessler (UTA) — 213d out, skipped
[INJURY-TIER3] Cam Whitmore (WAS) — 213d out, skipped
[INJURY-TIER3] Dereck Lively II (DAL) — 213d out, skipped
[INJURY-TIER3] Zach Edey (MEM) — 213d out, skipped
[INJURY-TIER3] Noa Essengue (CHI) — 213d out, skipped
[INJURY-TIER3] Jimmy Butler III (GSW) — 274d out, skipped
[INJURY-TIER3] Anthony Davis (WAS) — 30d out, skipped
[INJURY-TIER3] Bradley Beal (LAC) — 213d out, skipped
[INJURY-TIER3] Steven Adams (HOU) — 213d out, skipped
[INJURY-TIER3] Kyrie Irving (DAL) — 213d out, skipped
[INJURY-TIER3] Damian Lillard (POR) — 213d out, skipped
[ROSTER] Tier 1.5 (freshly traded): Ivica Zubac → IND (pre-trade stats from LAC)
[ROSTER] Tier 2 (recently returned): Andrew Nembhard (IND)
[ROSTER] Tier 2 (recently returned): Obi Toppin (IND)
[INJURY-TIER3] Terry Rozier (MIA) — 30d out, skipped
[INJURY-TIER3] Taurean Prince (MIL) — 26d out, skipped
[INJURY-TIER3] Fred VanVleet (HOU) — 91d out, skipped
[INJURY-TIER3] Zach Collins (CHI) — 213d out, skipped
[INJURY-TIER3] Brandon Clarke (MEM) — 16d out, skipped
[INJURY-TIER3] Tyrese Haliburton (IND) — 213d out, skipped
[INJURY-TIER3] Walker Kessler (UTA) — 213d out, skipped
[INJURY-TIER3] Cam Whitmore (WAS) — 213d out, skipped
[INJURY-TIER3] Dereck Lively II (DAL) — 213d out, skipped
[INJURY-TIER3] Zach Edey (MEM) — 213d out, skipped
[INJURY-TIER3] Noa Essengue (CHI) — 213d out, skipped
[INJURY-TIER3] Jimmy Butler III (GSW) — 274d out, skipped
[INJURY-TIER3] Anthony Davis (WAS) — 30d out, skipped
[INJURY-TIER3] Bradley Beal (LAC) — 213d out, skipped
[INJURY-TIER3] Steven Adams (HOU) — 213d out, skipped
[INJURY-TIER3] Kyrie Irving (DAL) — 213d out, skipped
[INJURY-TIER3] Damian Lillard (POR) — 213d out, skipped
[Perplexity] HTTP 401: {"error":{"message":"Invalid API key provided. You can find your API key at https://www.perplexity.ai/settings/api.","type":"invalid_api_key","code":401}}

[Perplexity] HTTP 401: {"error":{"message":"Invalid API key provided. You can find your API key at https://www.perplexity.ai/settings/api.","type":"invalid_api_key","code":401}}

[Perplexity] HTTP 401: {"error":{"message":"Invalid API key provided. You can find your API key at https://www.perplexity.ai/settings/api.","type":"invalid_api_key","code":401}}

[Module X] TIER 0A wowy_observed for Andrew Nembhard: ['Kam Jones', 'Taelon Peter', 'Quenton Jackson']
[Module X] TIER 0A wowy_observed for Andrew Nembhard: ['Kam Jones', 'Taelon Peter', 'Quenton Jackson']
      ↳ Generated 3 scenarios
[step 4] Running Monte Carlo Simulations (10 scenarios)...
   >>> [Ramp-Up] Shai Gilgeous-Alexander: Game 2 back — all stats dampened to 80%
   >>> [Ramp-Up] Shai Gilgeous-Alexander: Game 2 back — all stats dampened to 80%
   >>> [main] Prop format error for steals: float() argument must be a string or a real number, not 'NoneType'
   >>> [main] Prop format error for steals: float() argument must be a string or a real number, not 'NoneType'
   >>> [main] Prop format error for steals: float() argument must be a string or a real number, not 'NoneType'
   >>> [main] Prop format error for steals: float() argument must be a string or a real number, not 'NoneType'
   >>> [main] Prop format error for steals: float() argument must be a string or a real number, not 'NoneType'
   >>> [main] Prop format error for steals: float() argument must be a string or a real number, not 'NoneType'
   >>> [main] Prop format error for steals: float() argument must be a string or a real number, not 'NoneType'
   >>> [main] Prop format error for steals: float() argument must be a string or a real number, not 'NoneType'
   >>> [main] Prop format error for steals: float() argument must be a string or a real number, not 'NoneType'
   >>> [Ramp-Up] Miles Bridges: Game 4 back — all stats dampened to 95%
   >>> [Ramp-Up] Moussa Diabate: Game 4 back — all stats dampened to 95%
   >>> [Ramp-Up] Coby White: Game 3 back — all stats dampened to 90%
   [NEW TO TEAM] Coby White: 3 games on current team — LOW confidence, 5% dampener
   >>> [main] Prop format error for steals: float() argument must be a string or a real number, not 'NoneType'
   >>> [main] Prop format error for steals: float() argument must be a string or a real number, not 'NoneType'
   >>> [main] Prop format error for steals: float() argument must be a string or a real number, not 'NoneType'
   >>> [main] Prop format error for steals: float() argument must be a string or a real number, not 'NoneType'
   >>> [main] Prop format error for blocks: float() argument must be a string or a real number, not 'NoneType'
   >>> [main] Prop format error for steals: float() argument must be a string or a real number, not 'NoneType'
   >>> [main] Prop format error for steals: float() argument must be a string or a real number, not 'NoneType'
   >>> [main] Prop format error for steals: float() argument must be a string or a real number, not 'NoneType'
   >>> [main] Prop format error for steals: float() argument must be a string or a real number, not 'NoneType'
   >>> [main] Prop format error for assists: float() argument must be a string or a real number, not 'NoneType'
   >>> [main] Prop format error for steals: float() argument must be a string or a real number, not 'NoneType'
   >>> [Ramp-Up] Keyonte George: Game 2 back — all stats dampened to 80%
   >>> [Ramp-Up] Keyonte George: Game 2 back — all stats dampened to 80%
   >>> [main] Prop format error for steals: float() argument must be a string or a real number, not 'NoneType'
   >>> [main] Prop format error for threes: float() argument must be a string or a real number, not 'NoneType'
   >>> [main] Prop format error for steals: float() argument must be a string or a real number, not 'NoneType'
   >>> [main] Prop format error for threes: float() argument must be a string or a real number, not 'NoneType'
   >>> [main] Prop format error for assists: float() argument must be a string or a real number, not 'NoneType'
   >>> [main] Prop format error for points_rebounds_assists: float() argument must be a string or a real number, not 'NoneType'
   >>> [main] Prop format error for steals: float() argument must be a string or a real number, not 'NoneType'
   >>> [main] Prop format error for steals: float() argument must be a string or a real number, not 'NoneType'
   >>> [main] Prop format error for threes: float() argument must be a string or a real number, not 'NoneType'
   >>> [main] Prop format error for steals: float() argument must be a string or a real number, not 'NoneType'
   >>> [main] Prop format error for steals: float() argument must be a string or a real number, not 'NoneType'
   >>> [Ramp-Up] Ty Jerome: Game 3 back — all stats dampened to 90%
   >>> [Ramp-Up] Robert Williams III: Game 4 back — all stats dampened to 95%
   >>> [main] Prop format error for steals: float() argument must be a string or a real number, not 'NoneType'
   >>> [main] Prop format error for blocks: float() argument must be a string or a real number, not 'NoneType'
   >>> [main] Prop format error for assists: float() argument must be a string or a real number, not 'NoneType'
   >>> [main] Prop format error for points: float() argument must be a string or a real number, not 'NoneType'
   >>> [main] Prop format error for threes: float() argument must be a string or a real number, not 'NoneType'
   >>> [main] Prop format error for steals: float() argument must be a string or a real number, not 'NoneType'
   >>> [main] Prop format error for steals: float() argument must be a string or a real number, not 'NoneType'
   >>> [main] Prop format error for steals: float() argument must be a string or a real number, not 'NoneType'
   >>> [Ramp-Up] Giannis Antetokounmpo: Game 1 back — all stats dampened to 70%
   >>> [Ramp-Up] Giannis Antetokounmpo: Game 1 back — all stats dampened to 70%
   >>> [Ramp-Up] Jonathan Kuminga: Game 3 back — all stats dampened to 90%
   [NEW TO TEAM] Jonathan Kuminga: 3 games on current team — LOW confidence, 5% dampener
   >>> [Ramp-Up] Jonathan Kuminga: Game 3 back — all stats dampened to 90%
   [NEW TO TEAM] Jonathan Kuminga: 3 games on current team — LOW confidence, 5% dampener
   >>> [Ramp-Up] Giannis Antetokounmpo: Game 1 back — all stats dampened to 70%
   >>> [Ramp-Up] Giannis Antetokounmpo: Game 1 back — all stats dampened to 70%
   >>> [Ramp-Up] Giannis Antetokounmpo: Game 1 back — all stats dampened to 70%
   >>> [Ramp-Up] Giannis Antetokounmpo: Game 1 back — all stats dampened to 70%
[Perplexity] HTTP 401: {"error":{"message":"Invalid API key provided. You can find your API key at https://www.perplexity.ai/settings/api.","type":"invalid_api_key","code":401}}

[Perplexity] HTTP 401: {"error":{"message":"Invalid API key provided. You can find your API key at https://www.perplexity.ai/settings/api.","type":"invalid_api_key","code":401}}

[Perplexity] HTTP 401: {"error":{"message":"Invalid API key provided. You can find your API key at https://www.perplexity.ai/settings/api.","type":"invalid_api_key","code":401}}

[Perplexity] HTTP 401: {"error":{"message":"Invalid API key provided. You can find your API key at https://www.perplexity.ai/settings/api.","type":"invalid_api_key","code":401}}

[Perplexity] HTTP 401: {"error":{"message":"Invalid API key provided. You can find your API key at https://www.perplexity.ai/settings/api.","type":"invalid_api_key","code":401}}

   >>> [main] Prop format error for steals: float() argument must be a string or a real number, not 'NoneType'
   >>> [main] Prop format error for steals: float() argument must be a string or a real number, not 'NoneType'
   >>> [main] Prop format error for assists: float() argument must be a string or a real number, not 'NoneType'
   >>> [main] Prop format error for threes: float() argument must be a string or a real number, not 'NoneType'
   >>> [main] Prop format error for assists: float() argument must be a string or a real number, not 'NoneType'
   >>> [main] Prop format error for steals: float() argument must be a string or a real number, not 'NoneType'
   >>> [Ramp-Up] Kobe Sanders: Game 4 back — all stats dampened to 95%
   >>> [Ramp-Up] Darius Garland: Game 1 back — all stats dampened to 70%
   >>> [Ramp-Up] Andrew Nembhard: Game 4 back — all stats dampened to 95%
   >>> [Ramp-Up] Andrew Nembhard: Game 4 back — all stats dampened to 95%
   >>> [Ramp-Up] Kobe Sanders: Game 4 back — all stats dampened to 95%
   >>> [Ramp-Up] Darius Garland: Game 1 back — all stats dampened to 70%
   >>> [Ramp-Up] Kobe Sanders: Game 4 back — all stats dampened to 95%
   >>> [Ramp-Up] Darius Garland: Game 1 back — all stats dampened to 70%
[Perplexity] HTTP 401: {"error":{"message":"Invalid API key provided. You can find your API key at https://www.perplexity.ai/settings/api.","type":"invalid_api_key","code":401}}

[Perplexity] HTTP 401: {"error":{"message":"Invalid API key provided. You can find your API key at https://www.perplexity.ai/settings/api.","type":"invalid_api_key","code":401}}

[Perplexity] HTTP 401: {"error":{"message":"Invalid API key provided. You can find your API key at https://www.perplexity.ai/settings/api.","type":"invalid_api_key","code":401}}

[Perplexity] HTTP 401: {"error":{"message":"Invalid API key provided. You can find your API key at https://www.perplexity.ai/settings/api.","type":"invalid_api_key","code":401}}

[Perplexity] HTTP 401: {"error":{"message":"Invalid API key provided. You can find your API key at https://www.perplexity.ai/settings/api.","type":"invalid_api_key","code":401}}

[Perplexity] HTTP 401: {"error":{"message":"Invalid API key provided. You can find your API key at https://www.perplexity.ai/settings/api.","type":"invalid_api_key","code":401}}

[Perplexity] HTTP 401: {"error":{"message":"Invalid API key provided. You can find your API key at https://www.perplexity.ai/settings/api.","type":"invalid_api_key","code":401}}

[Perplexity] HTTP 401: {"error":{"message":"Invalid API key provided. You can find your API key at https://www.perplexity.ai/settings/api.","type":"invalid_api_key","code":401}}

[Perplexity] HTTP 401: {"error":{"message":"Invalid API key provided. You can find your API key at https://www.perplexity.ai/settings/api.","type":"invalid_api_key","code":401}}

[Perplexity] HTTP 401: {"error":{"message":"Invalid API key provided. You can find your API key at https://www.perplexity.ai/settings/api.","type":"invalid_api_key","code":401}}

[Perplexity] HTTP 401: {"error":{"message":"Invalid API key provided. You can find your API key at https://www.perplexity.ai/settings/api.","type":"invalid_api_key","code":401}}

[Perplexity] HTTP 401: {"error":{"message":"Invalid API key provided. You can find your API key at https://www.perplexity.ai/settings/api.","type":"invalid_api_key","code":401}}

[Perplexity] HTTP 401: {"error":{"message":"Invalid API key provided. You can find your API key at https://www.perplexity.ai/settings/api.","type":"invalid_api_key","code":401}}

[Perplexity] HTTP 401: {"error":{"message":"Invalid API key provided. You can find your API key at https://www.perplexity.ai/settings/api.","type":"invalid_api_key","code":401}}

   >>> [main] Prop format error for assists: float() argument must be a string or a real number, not 'NoneType'
   >>> [main] Prop format error for steals: float() argument must be a string or a real number, not 'NoneType'
[step 5] Generating Daily Briefing (Module F)...
📊 Daily summary logged: 252 bets, 269.2 units
[FONTS] ✅ Using bundled Liberation fonts
✅ Visual briefing generated: /Users/flyprice/actions-runner/_work/Ludi-Bot/Ludi-Bot/assets/generated/ludi_generated_briefing.png

==================================================
DAILY BRIEFING GENERATED
==================================================

📰 LUDI GAME BRIEF (Mar 04, 2026)
================================
💎 TOP TARGETS BY GAME

🏀 Atlanta Hawks @ Milwaukee Bucks
   💎 GIANNIS ANTETOKOUNMPO — UNDER 0.5 STL
   📊 Atlanta Hawks @ Milwaukee Bucks  |  Proj: 0  |  Edge: +89.1%  |  1.25u
   💰 Best Bet: FanDuel +140
   🎯 Archetype: ENERGY_BIG vs BLITZ defense
   📝 Key Signal: TeamTotal:115.5, 1.00x
   📊 EDGE: Projection
   💎 GIANNIS ANTETOKOUNMPO — UNDER 31.5 PA
   📊 Atlanta Hawks @ Milwaukee Bucks  |  Proj: 17.76  |  Edge: +57.3%  |  1.06u
   💰 Best Bet: FanDuel -108
   🎯 Archetype: ENERGY_BIG vs BLITZ defense
   📝 Key Signal: TeamTotal:115.5, 1.00x
   📊 EDGE: Projection
   💎 GIANNIS ANTETOKOUNMPO — UNDER 5.5 AST
   📊 Atlanta Hawks @ Milwaukee Bucks  |  Proj: 1.48  |  Edge: +54%  |  1.19u
   💰 Best Bet: DraftKings -110
   🎯 Archetype: ENERGY_BIG vs BLITZ defense
   📝 Key Signal: TeamTotal:115.5, 1.00x
   📊 EDGE: Projection

🏀 Charlotte Hornets @ Boston Celtics
   💎 RYAN KALKBRENNER — OVER 4.5 PTS
   📊 Charlotte Hornets @ Boston Celtics  |  Proj: 6.35  |  Edge: +48.1%  |  1.06u
   💰 Best Bet: BetMGM +110
   🎯 Archetype: ROLL_MAN vs PAINT PACK defense
   📝 Key Signal: TeamTotal:104.5, Roll Man vs Drop
   📊 EDGE: Projection
   💎 SAM HAUSER — OVER 9.5 PTS
   📊 Charlotte Hornets @ Boston Celtics  |  Proj: 9.87  |  Edge: +36.3%  |  1.06u
   💰 Best Bet: theScore Bet +100
   🎯 Archetype: SNIPER_ELITE vs PERIMETER defense
   📝 Key Signal: TeamTotal:104.5, Sniper Tax vs Perimeter
   📊 EDGE: Projection
   💎 BAYLOR SCHEIERMAN — OVER 11.5 PR
   📊 Charlotte Hornets @ Boston Celtics  |  Proj: 13.07  |  Edge: +39.1%  |  1.06u
   💰 Best Bet: BetMGM -125
   🎯 Archetype: CONNECTOR vs PERIMETER defense
   📝 Key Signal: TeamTotal:104.5, 0.70x_conf:70%
   📊 EDGE: Projection

🏀 Indiana Pacers @ Los Angeles Clippers
   💎 DARIUS GARLAND — UNDER 21.5 PRA
   📊 Indiana Pacers @ Los Angeles Clippers  |  Proj: 11.69  |  Edge: +44.6%  |  1.06u
   💰 Best Bet: DraftKings -107
   🎯 Archetype: CONNECTOR vs PAINT PACK defense
   📝 Key Signal: TeamTotal:107.5, Connector vs Pack
   📊 EDGE: Projection
   💎 DARIUS GARLAND — UNDER 14.5 PTS
   📊 Indiana Pacers @ Los Angeles Clippers  |  Proj: 8.57  |  Edge: +37.2%  |  1.06u
   💰 Best Bet: Caesars -120
   🎯 Archetype: CONNECTOR vs PAINT PACK defense
   📝 Key Signal: TeamTotal:107.5, Connector vs Pack
   📊 EDGE: Projection
   💎 DARIUS GARLAND — UNDER 5.5 AST
   📊 Indiana Pacers @ Los Angeles Clippers  |  Proj: 1.65  |  Edge: +32.9%  |  1.19u
   💰 Best Bet: DraftKings -144
   🎯 Archetype: CONNECTOR vs PAINT PACK defense
   📝 Key Signal: TeamTotal:107.5, Connector vs Pack
   📊 EDGE: Projection

🏀 Oklahoma City Thunder @ New York Knicks
   💎 SHAI GILGEOUS-ALEXANDER — UNDER 1.5 3PM
   📊 Oklahoma City Thunder @ New York Knicks  |  Proj: 0.48  |  Edge: +57.9%  |  1.25u
   💰 Best Bet: Caesars -110
   🎯 Archetype: FACILITATOR vs PAINT PACK defense
   📝 Key Signal: TeamTotal:113.5, Playmaking vs Drop
   📊 EDGE: Projection
   💎 ISAIAH JOE — OVER 12.5 PR
   📊 Oklahoma City Thunder @ New York Knicks  |  Proj: 18.02  |  Edge: +55.7%  |  1.06u
   💰 Best Bet: FanDuel -102
   🎯 Archetype: SNIPER_ELITE vs PAINT PACK defense
   📝 Key Signal: TeamTotal:113.5, Spot-Up vs Helpers
   📊 EDGE: Projection
   💎 ISAIAH JOE — OVER 9.5 PTS
   📊 Oklahoma City Thunder @ New York Knicks  |  Proj: 14.79  |  Edge: +50.5%  |  1.06u
   💰 Best Bet: DraftKings -109
   🎯 Archetype: SNIPER_ELITE vs PAINT PACK defense
   📝 Key Signal: TeamTotal:113.5, Spot-Up vs Helpers
   📊 EDGE: Projection

🏀 Portland Trail Blazers @ Memphis Grizzlies
   💎 WALTER CLAYTON JR. — UNDER 12.5 PTS
   📊 Portland Trail Blazers @ Memphis Grizzlies  |  Proj: 9.52  |  Edge: +52.8%  |  1.06u
   💰 Best Bet: theScore Bet +105
   🎯 Archetype: FACILITATOR vs NEUTRAL defense
   📝 Key Signal: TeamTotal:122.5, Speed Hustle
   📊 EDGE: Projection
   💎 WALTER CLAYTON JR. — UNDER 19.5 PA
   📊 Portland Trail Blazers @ Memphis Grizzlies  |  Proj: 16.48  |  Edge: +49.9%  |  1.06u
   💰 Best Bet: FanDuel -102
   🎯 Archetype: FACILITATOR vs NEUTRAL defense
   📝 Key Signal: TeamTotal:122.5, Speed Hustle
   📊 EDGE: Projection
   💎 WALTER CLAYTON JR. — UNDER 22.5 PRA
   📊 Portland Trail Blazers @ Memphis Grizzlies  |  Proj: 19.16  |  Edge: +50.8%  |  1.06u
   💰 Best Bet: BetMGM -110
   🎯 Archetype: FACILITATOR vs NEUTRAL defense
   📝 Key Signal: TeamTotal:122.5, Speed Hustle
   📊 EDGE: Projection

🏀 Utah Jazz @ Philadelphia 76ers
   💎 QUENTIN GRIMES — UNDER 17.5 PTS
   📊 Utah Jazz @ Philadelphia 76ers  |  Proj: 11.66  |  Edge: +55.7%  |  1.06u
   💰 Best Bet: Caesars +100
   🎯 Archetype: CONNECTOR vs NEUTRAL defense
   📝 Key Signal: TeamTotal:115.5, 1.00x
   📊 EDGE: Projection
   💎 QUENTIN GRIMES — UNDER 2.5 3PM
   📊 Utah Jazz @ Philadelphia 76ers  |  Proj: 1.37  |  Edge: +60%  |  1.25u
   💰 Best Bet: FanDuel +100
   🎯 Archetype: CONNECTOR vs NEUTRAL defense
   📝 Key Signal: TeamTotal:115.5, 1.00x
   📊 EDGE: Projection
   💎 KEYONTE GEORGE — UNDER 4.5 AST
   📊 Utah Jazz @ Philadelphia 76ers  |  Proj: 2.05  |  Edge: +56.2%  |  1.19u
   💰 Best Bet: BetMGM +105
   🎯 Archetype: TWO_LEVEL_SCORER vs PAINT PACK defense
   📝 Key Signal: TeamTotal:115.5, 0.99x
   📊 EDGE: Projection


✅ Saved to daily_briefing.txt
✅ Visual Card saved to: /Users/flyprice/actions-runner/_work/Ludi-Bot/Ludi-Bot/assets/generated/ludi_generated_briefing.png
[step 6] Sending Telegram Briefing...
❌ HTTP error: 400 Client Error: Bad Request for url: https://api.telegram.org/bot8190581794:AAEUVV88PupubJYcudiyRCuWCpgPVLlZ-ag/sendMessage
