============================================================
SOLOMON WEEKLY REPORT
Period: 2026-04-06 -> 2026-04-13
============================================================
Settled bets found: 5
Git log lines: 1

============================================================
## Solomon's Weekly Report — Week of 2026-04-06

### THE WINS
```
9871015a3 chore: data sync 2026-04-07 04:19
```

### MODEL HEALTH
Overall: 1W / 5 settled (20.0% WR)
| Grade  | W  | N  | WR%  | Lower CI | Flag |
|--------|----|----|------|----------|------|
| STRONG | 1  | 5  | 20.0 | 3.6%    |      |
| LEAN   | —  | —  | —    | —        |      |
| FADE   | —  | —  | —    | —        |      |

> ! = FADE WR > 55% (grade hierarchy may be inverted)

### CODE HEALTH
(Henrik digest — populate manually from session notes or `/session-debrief`)

### NEXT WEEK
(no pending items found in ROADMAP.md)

---
*Generated: 2026-04-13 | ludi.db settled bets 2026-04-06 → 2026-04-13 | $0 cost*
============================================================

[OK] Discord #weekly-roundtable sent
[OK] Slack #ludi-bot-notes sent
[OK] Report saved to /Users/flyprice/actions-runner/_work/Ludi-Bot/Ludi-Bot/reports/weekly_summary_2026-04-13.md
